Copyright 1986-2022 Xilinx, Inc. All Rights Reserved. Copyright 2022-2024 Advanced Micro Devices, Inc. All Rights Reserved.
---------------------------------------------------------------------------------------------------------------------------------------------------------------------------------------------------------------
| Tool Version : Vivado v.2024.1 (win64) Build 5076996 Wed May 22 18:37:14 MDT 2024
| Date         : Tue Oct  8 12:12:08 2024
| Host         : Laptop-Chanatpakorn running 64-bit major release  (build 9200)
| Command      : report_timing_summary -max_paths 10 -report_unconstrained -file system_timing_summary_routed.rpt -pb system_timing_summary_routed.pb -rpx system_timing_summary_routed.rpx -warn_on_violation
| Design       : system
| Device       : 7a35t-cpg236
| Speed File   : -1  PRODUCTION 1.23 2018-06-13
| Design State : Routed
---------------------------------------------------------------------------------------------------------------------------------------------------------------------------------------------------------------

Timing Summary Report

------------------------------------------------------------------------------------------------
| Timer Settings
| --------------
------------------------------------------------------------------------------------------------

  Enable Multi Corner Analysis               :  Yes
  Enable Pessimism Removal                   :  Yes
  Pessimism Removal Resolution               :  Nearest Common Node
  Enable Input Delay Default Clock           :  No
  Enable Preset / Clear Arcs                 :  No
  Disable Flight Delays                      :  No
  Ignore I/O Paths                           :  No
  Timing Early Launch at Borrowing Latches   :  No
  Borrow Time for Max Delay Exceptions       :  Yes
  Merge Timing Exceptions                    :  Yes
  Inter-SLR Compensation                     :  Conservative

  Corner  Analyze    Analyze    
  Name    Max Paths  Min Paths  
  ------  ---------  ---------  
  Slow    Yes        Yes        
  Fast    Yes        Yes        


------------------------------------------------------------------------------------------------
| Report Methodology
| ------------------
------------------------------------------------------------------------------------------------

Rule       Severity          Description                  Violations  
---------  ----------------  ---------------------------  ----------  
TIMING-17  Critical Warning  Non-clocked sequential cell  40          

Note: This report is based on the most recent report_methodology run and may not be up-to-date. Run report_methodology on the current design for the latest report.



check_timing report

Table of Contents
-----------------
1. checking no_clock (40)
2. checking constant_clock (0)
3. checking pulse_width_clock (0)
4. checking unconstrained_internal_endpoints (58)
5. checking no_input_delay (6)
6. checking no_output_delay (11)
7. checking multiple_clock (0)
8. checking generated_clocks (0)
9. checking loops (0)
10. checking partial_input_delay (0)
11. checking partial_output_delay (0)
12. checking latch_loops (0)

1. checking no_clock (40)
-------------------------
 There is 1 register/latch pin with no clock driven by root clock pin: genblk1[0].fDiv/clkDiv_reg/Q (HIGH)

 There is 1 register/latch pin with no clock driven by root clock pin: genblk1[10].fDiv/clkDiv_reg/Q (HIGH)

 There is 1 register/latch pin with no clock driven by root clock pin: genblk1[11].fDiv/clkDiv_reg/Q (HIGH)

 There is 1 register/latch pin with no clock driven by root clock pin: genblk1[12].fDiv/clkDiv_reg/Q (HIGH)

 There is 1 register/latch pin with no clock driven by root clock pin: genblk1[13].fDiv/clkDiv_reg/Q (HIGH)

 There is 1 register/latch pin with no clock driven by root clock pin: genblk1[14].fDiv/clkDiv_reg/Q (HIGH)

 There is 1 register/latch pin with no clock driven by root clock pin: genblk1[15].fDiv/clkDiv_reg/Q (HIGH)

 There is 1 register/latch pin with no clock driven by root clock pin: genblk1[16].fDiv/clkDiv_reg/Q (HIGH)

 There is 1 register/latch pin with no clock driven by root clock pin: genblk1[17].fDiv/clkDiv_reg/Q (HIGH)

 There are 22 register/latch pins with no clock driven by root clock pin: genblk1[18].fDiv/clkDiv_reg/Q (HIGH)

 There is 1 register/latch pin with no clock driven by root clock pin: genblk1[1].fDiv/clkDiv_reg/Q (HIGH)

 There is 1 register/latch pin with no clock driven by root clock pin: genblk1[2].fDiv/clkDiv_reg/Q (HIGH)

 There is 1 register/latch pin with no clock driven by root clock pin: genblk1[3].fDiv/clkDiv_reg/Q (HIGH)

 There is 1 register/latch pin with no clock driven by root clock pin: genblk1[4].fDiv/clkDiv_reg/Q (HIGH)

 There is 1 register/latch pin with no clock driven by root clock pin: genblk1[5].fDiv/clkDiv_reg/Q (HIGH)

 There is 1 register/latch pin with no clock driven by root clock pin: genblk1[6].fDiv/clkDiv_reg/Q (HIGH)

 There is 1 register/latch pin with no clock driven by root clock pin: genblk1[7].fDiv/clkDiv_reg/Q (HIGH)

 There is 1 register/latch pin with no clock driven by root clock pin: genblk1[8].fDiv/clkDiv_reg/Q (HIGH)

 There is 1 register/latch pin with no clock driven by root clock pin: genblk1[9].fDiv/clkDiv_reg/Q (HIGH)


2. checking constant_clock (0)
------------------------------
 There are 0 register/latch pins with constant_clock.


3. checking pulse_width_clock (0)
---------------------------------
 There are 0 register/latch pins which need pulse_width check


4. checking unconstrained_internal_endpoints (58)
-------------------------------------------------
 There are 58 pins that are not constrained for maximum delay. (HIGH)

 There are 0 pins that are not constrained for maximum delay due to constant clock.


5. checking no_input_delay (6)
------------------------------
 There are 6 input ports with no input delay specified. (HIGH)

 There are 0 input ports with no input delay but user has a false path constraint.


6. checking no_output_delay (11)
--------------------------------
 There are 11 ports with no output delay specified. (HIGH)

 There are 0 ports with no output delay but user has a false path constraint

 There are 0 ports with no output delay but with a timing clock defined on it or propagating through it


7. checking multiple_clock (0)
------------------------------
 There are 0 register/latch pins with multiple clocks.


8. checking generated_clocks (0)
--------------------------------
 There are 0 generated clocks that are not connected to a clock source.


9. checking loops (0)
---------------------
 There are 0 combinational loops in the design.


10. checking partial_input_delay (0)
------------------------------------
 There are 0 input ports with partial input delay specified.


11. checking partial_output_delay (0)
-------------------------------------
 There are 0 ports with partial output delay specified.


12. checking latch_loops (0)
----------------------------
 There are 0 combinational latch loops in the design through latch input



------------------------------------------------------------------------------------------------
| Design Timing Summary
| ---------------------
------------------------------------------------------------------------------------------------

    WNS(ns)      TNS(ns)  TNS Failing Endpoints  TNS Total Endpoints      WHS(ns)      THS(ns)  THS Failing Endpoints  THS Total Endpoints     WPWS(ns)     TPWS(ns)  TPWS Failing Endpoints  TPWS Total Endpoints  
    -------      -------  ---------------------  -------------------      -------      -------  ---------------------  -------------------     --------     --------  ----------------------  --------------------  
      8.908        0.000                      0                    1        0.263        0.000                      0                    1        4.500        0.000                       0                     2  


All user specified timing constraints are met.


------------------------------------------------------------------------------------------------
| Clock Summary
| -------------
------------------------------------------------------------------------------------------------

Clock        Waveform(ns)       Period(ns)      Frequency(MHz)
-----        ------------       ----------      --------------
sys_clk_pin  {0.000 5.000}      10.000          100.000         


------------------------------------------------------------------------------------------------
| Intra Clock Table
| -----------------
------------------------------------------------------------------------------------------------

Clock             WNS(ns)      TNS(ns)  TNS Failing Endpoints  TNS Total Endpoints      WHS(ns)      THS(ns)  THS Failing Endpoints  THS Total Endpoints     WPWS(ns)     TPWS(ns)  TPWS Failing Endpoints  TPWS Total Endpoints  
-----             -------      -------  ---------------------  -------------------      -------      -------  ---------------------  -------------------     --------     --------  ----------------------  --------------------  
sys_clk_pin         8.908        0.000                      0                    1        0.263        0.000                      0                    1        4.500        0.000                       0                     2  


------------------------------------------------------------------------------------------------
| Inter Clock Table
| -----------------
------------------------------------------------------------------------------------------------

From Clock    To Clock          WNS(ns)      TNS(ns)  TNS Failing Endpoints  TNS Total Endpoints      WHS(ns)      THS(ns)  THS Failing Endpoints  THS Total Endpoints  
----------    --------          -------      -------  ---------------------  -------------------      -------      -------  ---------------------  -------------------  


------------------------------------------------------------------------------------------------
| Other Path Groups Table
| -----------------------
------------------------------------------------------------------------------------------------

Path Group    From Clock    To Clock          WNS(ns)      TNS(ns)  TNS Failing Endpoints  TNS Total Endpoints      WHS(ns)      THS(ns)  THS Failing Endpoints  THS Total Endpoints  
----------    ----------    --------          -------      -------  ---------------------  -------------------      -------      -------  ---------------------  -------------------  


------------------------------------------------------------------------------------------------
| User Ignored Path Table
| -----------------------
------------------------------------------------------------------------------------------------

Path Group    From Clock    To Clock    
----------    ----------    --------    


------------------------------------------------------------------------------------------------
| Unconstrained Path Table
| ------------------------
------------------------------------------------------------------------------------------------

Path Group    From Clock    To Clock    
----------    ----------    --------    
(none)                                    


------------------------------------------------------------------------------------------------
| Timing Details
| --------------
------------------------------------------------------------------------------------------------


---------------------------------------------------------------------------------------------------
From Clock:  sys_clk_pin
  To Clock:  sys_clk_pin

Setup :            0  Failing Endpoints,  Worst Slack        8.908ns,  Total Violation        0.000ns
Hold  :            0  Failing Endpoints,  Worst Slack        0.263ns,  Total Violation        0.000ns
PW    :            0  Failing Endpoints,  Worst Slack        4.500ns,  Total Violation        0.000ns
---------------------------------------------------------------------------------------------------


Max Delay Paths
--------------------------------------------------------------------------------------
Slack (MET) :             8.908ns  (required time - arrival time)
  Source:                 genblk1[0].fDiv/clkDiv_reg/C
                            (rising edge-triggered cell FDRE clocked by sys_clk_pin  {rise@0.000ns fall@5.000ns period=10.000ns})
  Destination:            genblk1[0].fDiv/clkDiv_reg/D
                            (rising edge-triggered cell FDRE clocked by sys_clk_pin  {rise@0.000ns fall@5.000ns period=10.000ns})
  Path Group:             sys_clk_pin
  Path Type:              Setup (Max at Slow Process Corner)
  Requirement:            10.000ns  (sys_clk_pin rise@10.000ns - sys_clk_pin rise@0.000ns)
  Data Path Delay:        1.085ns  (logic 0.580ns (53.444%)  route 0.505ns (46.556%))
  Logic Levels:           1  (LUT1=1)
  Clock Path Skew:        0.000ns (DCD - SCD + CPR)
    Destination Clock Delay (DCD):    4.845ns = ( 14.845 - 10.000 ) 
    Source Clock Delay      (SCD):    5.141ns
    Clock Pessimism Removal (CPR):    0.296ns
  Clock Uncertainty:      0.035ns  ((TSJ^2 + TIJ^2)^1/2 + DJ) / 2 + PE
    Total System Jitter     (TSJ):    0.071ns
    Total Input Jitter      (TIJ):    0.000ns
    Discrete Jitter          (DJ):    0.000ns
    Phase Error              (PE):    0.000ns

    Location             Delay type                Incr(ns)  Path(ns)    Netlist Resource(s)
  -------------------------------------------------------------------    -------------------
                         (clock sys_clk_pin rise edge)
                                                      0.000     0.000 r  
    W5                                                0.000     0.000 r  clk (IN)
                         net (fo=0)                   0.000     0.000    clk
    W5                   IBUF (Prop_ibuf_I_O)         1.458     1.458 r  clk_IBUF_inst/O
                         net (fo=1, routed)           1.967     3.425    clk_IBUF
    BUFGCTRL_X0Y0        BUFG (Prop_bufg_I_O)         0.096     3.521 r  clk_IBUF_BUFG_inst/O
                         net (fo=1, routed)           1.620     5.141    genblk1[0].fDiv/clk_IBUF_BUFG
    SLICE_X59Y22         FDRE                                         r  genblk1[0].fDiv/clkDiv_reg/C
  -------------------------------------------------------------------    -------------------
    SLICE_X59Y22         FDRE (Prop_fdre_C_Q)         0.456     5.597 f  genblk1[0].fDiv/clkDiv_reg/Q
                         net (fo=2, routed)           0.505     6.103    genblk1[0].fDiv/clkDiv_reg_0
    SLICE_X59Y22         LUT1 (Prop_lut1_I0_O)        0.124     6.227 r  genblk1[0].fDiv/clkDiv_i_1/O
                         net (fo=1, routed)           0.000     6.227    genblk1[0].fDiv/clkDiv_i_1_n_0
    SLICE_X59Y22         FDRE                                         r  genblk1[0].fDiv/clkDiv_reg/D
  -------------------------------------------------------------------    -------------------

                         (clock sys_clk_pin rise edge)
                                                     10.000    10.000 r  
    W5                                                0.000    10.000 r  clk (IN)
                         net (fo=0)                   0.000    10.000    clk
    W5                   IBUF (Prop_ibuf_I_O)         1.388    11.388 r  clk_IBUF_inst/O
                         net (fo=1, routed)           1.862    13.250    clk_IBUF
    BUFGCTRL_X0Y0        BUFG (Prop_bufg_I_O)         0.091    13.341 r  clk_IBUF_BUFG_inst/O
                         net (fo=1, routed)           1.504    14.845    genblk1[0].fDiv/clk_IBUF_BUFG
    SLICE_X59Y22         FDRE                                         r  genblk1[0].fDiv/clkDiv_reg/C
                         clock pessimism              0.296    15.141    
                         clock uncertainty           -0.035    15.106    
    SLICE_X59Y22         FDRE (Setup_fdre_C_D)        0.029    15.135    genblk1[0].fDiv/clkDiv_reg
  -------------------------------------------------------------------
                         required time                         15.135    
                         arrival time                          -6.227    
  -------------------------------------------------------------------
                         slack                                  8.908    





Min Delay Paths
--------------------------------------------------------------------------------------
Slack (MET) :             0.263ns  (arrival time - required time)
  Source:                 genblk1[0].fDiv/clkDiv_reg/C
                            (rising edge-triggered cell FDRE clocked by sys_clk_pin  {rise@0.000ns fall@5.000ns period=10.000ns})
  Destination:            genblk1[0].fDiv/clkDiv_reg/D
                            (rising edge-triggered cell FDRE clocked by sys_clk_pin  {rise@0.000ns fall@5.000ns period=10.000ns})
  Path Group:             sys_clk_pin
  Path Type:              Hold (Min at Fast Process Corner)
  Requirement:            0.000ns  (sys_clk_pin rise@0.000ns - sys_clk_pin rise@0.000ns)
  Data Path Delay:        0.354ns  (logic 0.186ns (52.507%)  route 0.168ns (47.493%))
  Logic Levels:           1  (LUT1=1)
  Clock Path Skew:        0.000ns (DCD - SCD - CPR)
    Destination Clock Delay (DCD):    1.978ns
    Source Clock Delay      (SCD):    1.467ns
    Clock Pessimism Removal (CPR):    0.511ns

    Location             Delay type                Incr(ns)  Path(ns)    Netlist Resource(s)
  -------------------------------------------------------------------    -------------------
                         (clock sys_clk_pin rise edge)
                                                      0.000     0.000 r  
    W5                                                0.000     0.000 r  clk (IN)
                         net (fo=0)                   0.000     0.000    clk
    W5                   IBUF (Prop_ibuf_I_O)         0.226     0.226 r  clk_IBUF_inst/O
                         net (fo=1, routed)           0.631     0.858    clk_IBUF
    BUFGCTRL_X0Y0        BUFG (Prop_bufg_I_O)         0.026     0.884 r  clk_IBUF_BUFG_inst/O
                         net (fo=1, routed)           0.584     1.467    genblk1[0].fDiv/clk_IBUF_BUFG
    SLICE_X59Y22         FDRE                                         r  genblk1[0].fDiv/clkDiv_reg/C
  -------------------------------------------------------------------    -------------------
    SLICE_X59Y22         FDRE (Prop_fdre_C_Q)         0.141     1.608 f  genblk1[0].fDiv/clkDiv_reg/Q
                         net (fo=2, routed)           0.168     1.776    genblk1[0].fDiv/clkDiv_reg_0
    SLICE_X59Y22         LUT1 (Prop_lut1_I0_O)        0.045     1.821 r  genblk1[0].fDiv/clkDiv_i_1/O
                         net (fo=1, routed)           0.000     1.821    genblk1[0].fDiv/clkDiv_i_1_n_0
    SLICE_X59Y22         FDRE                                         r  genblk1[0].fDiv/clkDiv_reg/D
  -------------------------------------------------------------------    -------------------

                         (clock sys_clk_pin rise edge)
                                                      0.000     0.000 r  
    W5                                                0.000     0.000 r  clk (IN)
                         net (fo=0)                   0.000     0.000    clk
    W5                   IBUF (Prop_ibuf_I_O)         0.414     0.414 r  clk_IBUF_inst/O
                         net (fo=1, routed)           0.685     1.099    clk_IBUF
    BUFGCTRL_X0Y0        BUFG (Prop_bufg_I_O)         0.029     1.128 r  clk_IBUF_BUFG_inst/O
                         net (fo=1, routed)           0.851     1.978    genblk1[0].fDiv/clk_IBUF_BUFG
    SLICE_X59Y22         FDRE                                         r  genblk1[0].fDiv/clkDiv_reg/C
                         clock pessimism             -0.511     1.467    
    SLICE_X59Y22         FDRE (Hold_fdre_C_D)         0.091     1.558    genblk1[0].fDiv/clkDiv_reg
  -------------------------------------------------------------------
                         required time                         -1.558    
                         arrival time                           1.821    
  -------------------------------------------------------------------
                         slack                                  0.263    





Pulse Width Checks
--------------------------------------------------------------------------------------
Clock Name:         sys_clk_pin
Waveform(ns):       { 0.000 5.000 }
Period(ns):         10.000
Sources:            { clk }

Check Type        Corner  Lib Pin  Reference Pin  Required(ns)  Actual(ns)  Slack(ns)  Location       Pin
Min Period        n/a     BUFG/I   n/a            2.155         10.000      7.845      BUFGCTRL_X0Y0  clk_IBUF_BUFG_inst/I
Min Period        n/a     FDRE/C   n/a            1.000         10.000      9.000      SLICE_X59Y22   genblk1[0].fDiv/clkDiv_reg/C
Low Pulse Width   Slow    FDRE/C   n/a            0.500         5.000       4.500      SLICE_X59Y22   genblk1[0].fDiv/clkDiv_reg/C
Low Pulse Width   Fast    FDRE/C   n/a            0.500         5.000       4.500      SLICE_X59Y22   genblk1[0].fDiv/clkDiv_reg/C
High Pulse Width  Slow    FDRE/C   n/a            0.500         5.000       4.500      SLICE_X59Y22   genblk1[0].fDiv/clkDiv_reg/C
High Pulse Width  Fast    FDRE/C   n/a            0.500         5.000       4.500      SLICE_X59Y22   genblk1[0].fDiv/clkDiv_reg/C



--------------------------------------------------------------------------------------
Path Group:  (none)
From Clock:  
  To Clock:  

Max Delay            69 Endpoints
Min Delay            69 Endpoints
--------------------------------------------------------------------------------------


Max Delay Paths
--------------------------------------------------------------------------------------
Slack:                    inf
  Source:                 q7seg/ps_reg[1]/C
                            (rising edge-triggered cell FDRE)
  Destination:            seg[3]
                            (output port)
  Path Group:             (none)
  Path Type:              Max at Slow Process Corner
  Data Path Delay:        8.577ns  (logic 4.476ns (52.180%)  route 4.102ns (47.820%))
  Logic Levels:           4  (FDRE=1 LUT4=1 LUT6=1 OBUF=1)

    Location             Delay type                Incr(ns)  Path(ns)    Netlist Resource(s)
  -------------------------------------------------------------------    -------------------
    SLICE_X65Y19         FDRE                         0.000     0.000 r  q7seg/ps_reg[1]/C
    SLICE_X65Y19         FDRE (Prop_fdre_C_Q)         0.456     0.456 r  q7seg/ps_reg[1]/Q
                         net (fo=9, routed)           1.041     1.497    q7seg/ps[1]
    SLICE_X63Y18         LUT6 (Prop_lut6_I3_O)        0.124     1.621 r  q7seg/seg_OBUF[6]_inst_i_2/O
                         net (fo=7, routed)           1.253     2.873    q7seg/sel0[3]
    SLICE_X65Y19         LUT4 (Prop_lut4_I0_O)        0.152     3.025 r  q7seg/seg_OBUF[3]_inst_i_1/O
                         net (fo=1, routed)           1.808     4.834    seg_OBUF[3]
    V8                   OBUF (Prop_obuf_I_O)         3.744     8.577 r  seg_OBUF[3]_inst/O
                         net (fo=0)                   0.000     8.577    seg[3]
    V8                                                                r  seg[3] (OUT)
  -------------------------------------------------------------------    -------------------

Slack:                    inf
  Source:                 q7seg/ps_reg[1]/C
                            (rising edge-triggered cell FDRE)
  Destination:            seg[6]
                            (output port)
  Path Group:             (none)
  Path Type:              Max at Slow Process Corner
  Data Path Delay:        8.447ns  (logic 4.468ns (52.900%)  route 3.979ns (47.100%))
  Logic Levels:           4  (FDRE=1 LUT4=1 LUT6=1 OBUF=1)

    Location             Delay type                Incr(ns)  Path(ns)    Netlist Resource(s)
  -------------------------------------------------------------------    -------------------
    SLICE_X65Y19         FDRE                         0.000     0.000 r  q7seg/ps_reg[1]/C
    SLICE_X65Y19         FDRE (Prop_fdre_C_Q)         0.456     0.456 r  q7seg/ps_reg[1]/Q
                         net (fo=9, routed)           1.041     1.497    q7seg/ps[1]
    SLICE_X63Y18         LUT6 (Prop_lut6_I3_O)        0.124     1.621 r  q7seg/seg_OBUF[6]_inst_i_2/O
                         net (fo=7, routed)           1.052     2.673    q7seg/sel0[3]
    SLICE_X65Y19         LUT4 (Prop_lut4_I0_O)        0.154     2.827 r  q7seg/seg_OBUF[6]_inst_i_1/O
                         net (fo=1, routed)           1.886     4.713    seg_OBUF[6]
    U7                   OBUF (Prop_obuf_I_O)         3.734     8.447 r  seg_OBUF[6]_inst/O
                         net (fo=0)                   0.000     8.447    seg[6]
    U7                                                                r  seg[6] (OUT)
  -------------------------------------------------------------------    -------------------

Slack:                    inf
  Source:                 q7seg/ps_reg[1]/C
                            (rising edge-triggered cell FDRE)
  Destination:            seg[1]
                            (output port)
  Path Group:             (none)
  Path Type:              Max at Slow Process Corner
  Data Path Delay:        8.336ns  (logic 4.233ns (50.779%)  route 4.103ns (49.221%))
  Logic Levels:           4  (FDRE=1 LUT4=1 LUT6=1 OBUF=1)

    Location             Delay type                Incr(ns)  Path(ns)    Netlist Resource(s)
  -------------------------------------------------------------------    -------------------
    SLICE_X65Y19         FDRE                         0.000     0.000 r  q7seg/ps_reg[1]/C
    SLICE_X65Y19         FDRE (Prop_fdre_C_Q)         0.456     0.456 r  q7seg/ps_reg[1]/Q
                         net (fo=9, routed)           1.041     1.497    q7seg/ps[1]
    SLICE_X63Y18         LUT6 (Prop_lut6_I3_O)        0.124     1.621 r  q7seg/seg_OBUF[6]_inst_i_2/O
                         net (fo=7, routed)           1.253     2.873    q7seg/sel0[3]
    SLICE_X65Y19         LUT4 (Prop_lut4_I0_O)        0.124     2.997 r  q7seg/seg_OBUF[1]_inst_i_1/O
                         net (fo=1, routed)           1.810     4.807    seg_OBUF[1]
    W6                   OBUF (Prop_obuf_I_O)         3.529     8.336 r  seg_OBUF[1]_inst/O
                         net (fo=0)                   0.000     8.336    seg[1]
    W6                                                                r  seg[1] (OUT)
  -------------------------------------------------------------------    -------------------

Slack:                    inf
  Source:                 q7seg/ps_reg[1]/C
                            (rising edge-triggered cell FDRE)
  Destination:            seg[0]
                            (output port)
  Path Group:             (none)
  Path Type:              Max at Slow Process Corner
  Data Path Delay:        8.261ns  (logic 4.449ns (53.851%)  route 3.812ns (46.149%))
  Logic Levels:           4  (FDRE=1 LUT4=1 LUT6=1 OBUF=1)

    Location             Delay type                Incr(ns)  Path(ns)    Netlist Resource(s)
  -------------------------------------------------------------------    -------------------
    SLICE_X65Y19         FDRE                         0.000     0.000 r  q7seg/ps_reg[1]/C
    SLICE_X65Y19         FDRE (Prop_fdre_C_Q)         0.456     0.456 r  q7seg/ps_reg[1]/Q
                         net (fo=9, routed)           1.041     1.497    q7seg/ps[1]
    SLICE_X63Y18         LUT6 (Prop_lut6_I3_O)        0.124     1.621 r  q7seg/seg_OBUF[6]_inst_i_2/O
                         net (fo=7, routed)           1.054     2.675    q7seg/sel0[3]
    SLICE_X65Y19         LUT4 (Prop_lut4_I0_O)        0.150     2.825 r  q7seg/seg_OBUF[0]_inst_i_1/O
                         net (fo=1, routed)           1.718     4.542    seg_OBUF[0]
    W7                   OBUF (Prop_obuf_I_O)         3.719     8.261 r  seg_OBUF[0]_inst/O
                         net (fo=0)                   0.000     8.261    seg[0]
    W7                                                                r  seg[0] (OUT)
  -------------------------------------------------------------------    -------------------

Slack:                    inf
  Source:                 q7seg/ps_reg[1]/C
                            (rising edge-triggered cell FDRE)
  Destination:            seg[2]
                            (output port)
  Path Group:             (none)
  Path Type:              Max at Slow Process Corner
  Data Path Delay:        8.136ns  (logic 4.239ns (52.103%)  route 3.897ns (47.897%))
  Logic Levels:           4  (FDRE=1 LUT4=1 LUT6=1 OBUF=1)

    Location             Delay type                Incr(ns)  Path(ns)    Netlist Resource(s)
  -------------------------------------------------------------------    -------------------
    SLICE_X65Y19         FDRE                         0.000     0.000 r  q7seg/ps_reg[1]/C
    SLICE_X65Y19         FDRE (Prop_fdre_C_Q)         0.456     0.456 r  q7seg/ps_reg[1]/Q
                         net (fo=9, routed)           1.041     1.497    q7seg/ps[1]
    SLICE_X63Y18         LUT6 (Prop_lut6_I3_O)        0.124     1.621 r  q7seg/seg_OBUF[6]_inst_i_2/O
                         net (fo=7, routed)           1.052     2.673    q7seg/sel0[3]
    SLICE_X65Y19         LUT4 (Prop_lut4_I0_O)        0.124     2.797 r  q7seg/seg_OBUF[2]_inst_i_1/O
                         net (fo=1, routed)           1.804     4.601    seg_OBUF[2]
    U8                   OBUF (Prop_obuf_I_O)         3.535     8.136 r  seg_OBUF[2]_inst/O
                         net (fo=0)                   0.000     8.136    seg[2]
    U8                                                                r  seg[2] (OUT)
  -------------------------------------------------------------------    -------------------

Slack:                    inf
  Source:                 q7seg/ps_reg[1]/C
                            (rising edge-triggered cell FDRE)
  Destination:            seg[5]
                            (output port)
  Path Group:             (none)
  Path Type:              Max at Slow Process Corner
  Data Path Delay:        8.107ns  (logic 4.208ns (51.911%)  route 3.899ns (48.089%))
  Logic Levels:           4  (FDRE=1 LUT4=1 LUT6=1 OBUF=1)

    Location             Delay type                Incr(ns)  Path(ns)    Netlist Resource(s)
  -------------------------------------------------------------------    -------------------
    SLICE_X65Y19         FDRE                         0.000     0.000 r  q7seg/ps_reg[1]/C
    SLICE_X65Y19         FDRE (Prop_fdre_C_Q)         0.456     0.456 r  q7seg/ps_reg[1]/Q
                         net (fo=9, routed)           1.041     1.497    q7seg/ps[1]
    SLICE_X63Y18         LUT6 (Prop_lut6_I3_O)        0.124     1.621 r  q7seg/seg_OBUF[6]_inst_i_2/O
                         net (fo=7, routed)           1.054     2.675    q7seg/sel0[3]
    SLICE_X65Y19         LUT4 (Prop_lut4_I0_O)        0.124     2.799 r  q7seg/seg_OBUF[5]_inst_i_1/O
                         net (fo=1, routed)           1.804     4.603    seg_OBUF[5]
    V5                   OBUF (Prop_obuf_I_O)         3.504     8.107 r  seg_OBUF[5]_inst/O
                         net (fo=0)                   0.000     8.107    seg[5]
    V5                                                                r  seg[5] (OUT)
  -------------------------------------------------------------------    -------------------

Slack:                    inf
  Source:                 q7seg/ps_reg[1]/C
                            (rising edge-triggered cell FDRE)
  Destination:            seg[4]
                            (output port)
  Path Group:             (none)
  Path Type:              Max at Slow Process Corner
  Data Path Delay:        7.725ns  (logic 4.224ns (54.681%)  route 3.501ns (45.319%))
  Logic Levels:           4  (FDRE=1 LUT4=1 LUT6=1 OBUF=1)

    Location             Delay type                Incr(ns)  Path(ns)    Netlist Resource(s)
  -------------------------------------------------------------------    -------------------
    SLICE_X65Y19         FDRE                         0.000     0.000 r  q7seg/ps_reg[1]/C
    SLICE_X65Y19         FDRE (Prop_fdre_C_Q)         0.456     0.456 r  q7seg/ps_reg[1]/Q
                         net (fo=9, routed)           1.041     1.497    q7seg/ps[1]
    SLICE_X63Y18         LUT6 (Prop_lut6_I3_O)        0.124     1.621 f  q7seg/seg_OBUF[6]_inst_i_2/O
                         net (fo=7, routed)           0.796     2.416    q7seg/sel0[3]
    SLICE_X65Y18         LUT4 (Prop_lut4_I0_O)        0.124     2.540 r  q7seg/seg_OBUF[4]_inst_i_1/O
                         net (fo=1, routed)           1.664     4.205    seg_OBUF[4]
    U5                   OBUF (Prop_obuf_I_O)         3.520     7.725 r  seg_OBUF[4]_inst/O
                         net (fo=0)                   0.000     7.725    seg[4]
    U5                                                                r  seg[4] (OUT)
  -------------------------------------------------------------------    -------------------

Slack:                    inf
  Source:                 q7seg/ps_reg[1]/C
                            (rising edge-triggered cell FDRE)
  Destination:            an[0]
                            (output port)
  Path Group:             (none)
  Path Type:              Max at Slow Process Corner
  Data Path Delay:        7.099ns  (logic 4.313ns (60.750%)  route 2.786ns (39.250%))
  Logic Levels:           3  (FDRE=1 LUT2=1 OBUF=1)

    Location             Delay type                Incr(ns)  Path(ns)    Netlist Resource(s)
  -------------------------------------------------------------------    -------------------
    SLICE_X65Y19         FDRE                         0.000     0.000 r  q7seg/ps_reg[1]/C
    SLICE_X65Y19         FDRE (Prop_fdre_C_Q)         0.456     0.456 r  q7seg/ps_reg[1]/Q
                         net (fo=9, routed)           0.691     1.147    q7seg/ps[1]
    SLICE_X65Y19         LUT2 (Prop_lut2_I0_O)        0.152     1.299 r  q7seg/an_OBUF[0]_inst_i_1/O
                         net (fo=1, routed)           2.095     3.394    an_OBUF[0]
    U2                   OBUF (Prop_obuf_I_O)         3.705     7.099 r  an_OBUF[0]_inst/O
                         net (fo=0)                   0.000     7.099    an[0]
    U2                                                                r  an[0] (OUT)
  -------------------------------------------------------------------    -------------------

Slack:                    inf
  Source:                 q7seg/ps_reg[0]/C
                            (rising edge-triggered cell FDRE)
  Destination:            an[3]
                            (output port)
  Path Group:             (none)
  Path Type:              Max at Slow Process Corner
  Data Path Delay:        6.977ns  (logic 4.326ns (62.008%)  route 2.651ns (37.992%))
  Logic Levels:           3  (FDRE=1 LUT2=1 OBUF=1)

    Location             Delay type                Incr(ns)  Path(ns)    Netlist Resource(s)
  -------------------------------------------------------------------    -------------------
    SLICE_X65Y19         FDRE                         0.000     0.000 r  q7seg/ps_reg[0]/C
    SLICE_X65Y19         FDRE (Prop_fdre_C_Q)         0.456     0.456 f  q7seg/ps_reg[0]/Q
                         net (fo=10, routed)          0.729     1.185    q7seg/ps[0]
    SLICE_X64Y19         LUT2 (Prop_lut2_I1_O)        0.153     1.338 r  q7seg/an_OBUF[3]_inst_i_1/O
                         net (fo=1, routed)           1.922     3.260    an_OBUF[3]
    W4                   OBUF (Prop_obuf_I_O)         3.717     6.977 r  an_OBUF[3]_inst/O
                         net (fo=0)                   0.000     6.977    an[3]
    W4                                                                r  an[3] (OUT)
  -------------------------------------------------------------------    -------------------

Slack:                    inf
  Source:                 q7seg/ps_reg[1]/C
                            (rising edge-triggered cell FDRE)
  Destination:            an[2]
                            (output port)
  Path Group:             (none)
  Path Type:              Max at Slow Process Corner
  Data Path Delay:        6.911ns  (logic 4.331ns (62.665%)  route 2.580ns (37.335%))
  Logic Levels:           3  (FDRE=1 LUT2=1 OBUF=1)

    Location             Delay type                Incr(ns)  Path(ns)    Netlist Resource(s)
  -------------------------------------------------------------------    -------------------
    SLICE_X65Y19         FDRE                         0.000     0.000 r  q7seg/ps_reg[1]/C
    SLICE_X65Y19         FDRE (Prop_fdre_C_Q)         0.456     0.456 f  q7seg/ps_reg[1]/Q
                         net (fo=9, routed)           0.677     1.133    q7seg/ps[1]
    SLICE_X65Y20         LUT2 (Prop_lut2_I1_O)        0.150     1.283 r  q7seg/an_OBUF[2]_inst_i_1/O
                         net (fo=1, routed)           1.904     3.186    an_OBUF[2]
    V4                   OBUF (Prop_obuf_I_O)         3.725     6.911 r  an_OBUF[2]_inst/O
                         net (fo=0)                   0.000     6.911    an[2]
    V4                                                                r  an[2] (OUT)
  -------------------------------------------------------------------    -------------------





Min Delay Paths
--------------------------------------------------------------------------------------
Slack:                    inf
  Source:                 press/state_reg/C
                            (rising edge-triggered cell FDRE)
  Destination:            press/d_reg/D
  Path Group:             (none)
  Path Type:              Min at Fast Process Corner
  Data Path Delay:        0.294ns  (logic 0.186ns (63.272%)  route 0.108ns (36.728%))
  Logic Levels:           2  (FDRE=1 LUT2=1)

    Location             Delay type                Incr(ns)  Path(ns)    Netlist Resource(s)
  -------------------------------------------------------------------    -------------------
    SLICE_X63Y16         FDRE                         0.000     0.000 r  press/state_reg/C
    SLICE_X63Y16         FDRE (Prop_fdre_C_Q)         0.141     0.141 f  press/state_reg/Q
                         net (fo=2, routed)           0.108     0.249    press/p_0_in[0]
    SLICE_X62Y16         LUT2 (Prop_lut2_I1_O)        0.045     0.294 r  press/d_i_1/O
                         net (fo=1, routed)           0.000     0.294    press/d_i_1_n_0
    SLICE_X62Y16         FDRE                                         r  press/d_reg/D
  -------------------------------------------------------------------    -------------------

Slack:                    inf
  Source:                 num3_reg[2]/C
                            (rising edge-triggered cell FDRE)
  Destination:            num2_reg[2]/D
  Path Group:             (none)
  Path Type:              Min at Fast Process Corner
  Data Path Delay:        0.343ns  (logic 0.229ns (66.730%)  route 0.114ns (33.270%))
  Logic Levels:           2  (FDRE=1 LUT3=1)

    Location             Delay type                Incr(ns)  Path(ns)    Netlist Resource(s)
  -------------------------------------------------------------------    -------------------
    SLICE_X62Y18         FDRE                         0.000     0.000 r  num3_reg[2]/C
    SLICE_X62Y18         FDRE (Prop_fdre_C_Q)         0.128     0.128 r  num3_reg[2]/Q
                         net (fo=2, routed)           0.114     0.242    press/num2_reg[3]_0[2]
    SLICE_X62Y18         LUT3 (Prop_lut3_I1_O)        0.101     0.343 r  press/num2[2]_i_1/O
                         net (fo=1, routed)           0.000     0.343    press_n_6
    SLICE_X62Y18         FDRE                                         r  num2_reg[2]/D
  -------------------------------------------------------------------    -------------------

Slack:                    inf
  Source:                 genblk1[1].fDiv/clkDiv_reg/C
                            (rising edge-triggered cell FDRE)
  Destination:            genblk1[1].fDiv/clkDiv_reg/D
  Path Group:             (none)
  Path Type:              Min at Fast Process Corner
  Data Path Delay:        0.354ns  (logic 0.186ns (52.507%)  route 0.168ns (47.493%))
  Logic Levels:           2  (FDRE=1 LUT1=1)

    Location             Delay type                Incr(ns)  Path(ns)    Netlist Resource(s)
  -------------------------------------------------------------------    -------------------
    SLICE_X59Y21         FDRE                         0.000     0.000 r  genblk1[1].fDiv/clkDiv_reg/C
    SLICE_X59Y21         FDRE (Prop_fdre_C_Q)         0.141     0.141 f  genblk1[1].fDiv/clkDiv_reg/Q
                         net (fo=2, routed)           0.168     0.309    genblk1[1].fDiv/clkDiv_reg_0
    SLICE_X59Y21         LUT1 (Prop_lut1_I0_O)        0.045     0.354 r  genblk1[1].fDiv/clkDiv_i_1__0/O
                         net (fo=1, routed)           0.000     0.354    genblk1[1].fDiv/clkDiv_i_1__0_n_0
    SLICE_X59Y21         FDRE                                         r  genblk1[1].fDiv/clkDiv_reg/D
  -------------------------------------------------------------------    -------------------

Slack:                    inf
  Source:                 genblk1[2].fDiv/clkDiv_reg/C
                            (rising edge-triggered cell FDRE)
  Destination:            genblk1[2].fDiv/clkDiv_reg/D
  Path Group:             (none)
  Path Type:              Min at Fast Process Corner
  Data Path Delay:        0.354ns  (logic 0.186ns (52.507%)  route 0.168ns (47.493%))
  Logic Levels:           2  (FDRE=1 LUT1=1)

    Location             Delay type                Incr(ns)  Path(ns)    Netlist Resource(s)
  -------------------------------------------------------------------    -------------------
    SLICE_X59Y20         FDRE                         0.000     0.000 r  genblk1[2].fDiv/clkDiv_reg/C
    SLICE_X59Y20         FDRE (Prop_fdre_C_Q)         0.141     0.141 f  genblk1[2].fDiv/clkDiv_reg/Q
                         net (fo=2, routed)           0.168     0.309    genblk1[2].fDiv/clkDiv_reg_0
    SLICE_X59Y20         LUT1 (Prop_lut1_I0_O)        0.045     0.354 r  genblk1[2].fDiv/clkDiv_i_1__1/O
                         net (fo=1, routed)           0.000     0.354    genblk1[2].fDiv/clkDiv_i_1__1_n_0
    SLICE_X59Y20         FDRE                                         r  genblk1[2].fDiv/clkDiv_reg/D
  -------------------------------------------------------------------    -------------------

Slack:                    inf
  Source:                 genblk1[4].fDiv/clkDiv_reg/C
                            (rising edge-triggered cell FDRE)
  Destination:            genblk1[4].fDiv/clkDiv_reg/D
  Path Group:             (none)
  Path Type:              Min at Fast Process Corner
  Data Path Delay:        0.354ns  (logic 0.186ns (52.507%)  route 0.168ns (47.493%))
  Logic Levels:           2  (FDRE=1 LUT1=1)

    Location             Delay type                Incr(ns)  Path(ns)    Netlist Resource(s)
  -------------------------------------------------------------------    -------------------
    SLICE_X61Y20         FDRE                         0.000     0.000 r  genblk1[4].fDiv/clkDiv_reg/C
    SLICE_X61Y20         FDRE (Prop_fdre_C_Q)         0.141     0.141 f  genblk1[4].fDiv/clkDiv_reg/Q
                         net (fo=2, routed)           0.168     0.309    genblk1[4].fDiv/clkDiv_reg_0
    SLICE_X61Y20         LUT1 (Prop_lut1_I0_O)        0.045     0.354 r  genblk1[4].fDiv/clkDiv_i_1__3/O
                         net (fo=1, routed)           0.000     0.354    genblk1[4].fDiv/clkDiv_i_1__3_n_0
    SLICE_X61Y20         FDRE                                         r  genblk1[4].fDiv/clkDiv_reg/D
  -------------------------------------------------------------------    -------------------

Slack:                    inf
  Source:                 genblk1[9].fDiv/clkDiv_reg/C
                            (rising edge-triggered cell FDRE)
  Destination:            genblk1[9].fDiv/clkDiv_reg/D
  Path Group:             (none)
  Path Type:              Min at Fast Process Corner
  Data Path Delay:        0.354ns  (logic 0.186ns (52.507%)  route 0.168ns (47.493%))
  Logic Levels:           2  (FDRE=1 LUT1=1)

    Location             Delay type                Incr(ns)  Path(ns)    Netlist Resource(s)
  -------------------------------------------------------------------    -------------------
    SLICE_X63Y21         FDRE                         0.000     0.000 r  genblk1[9].fDiv/clkDiv_reg/C
    SLICE_X63Y21         FDRE (Prop_fdre_C_Q)         0.141     0.141 f  genblk1[9].fDiv/clkDiv_reg/Q
                         net (fo=2, routed)           0.168     0.309    genblk1[9].fDiv/clkDiv_reg_0
    SLICE_X63Y21         LUT1 (Prop_lut1_I0_O)        0.045     0.354 r  genblk1[9].fDiv/clkDiv_i_1__8/O
                         net (fo=1, routed)           0.000     0.354    genblk1[9].fDiv/clkDiv_i_1__8_n_0
    SLICE_X63Y21         FDRE                                         r  genblk1[9].fDiv/clkDiv_reg/D
  -------------------------------------------------------------------    -------------------

Slack:                    inf
  Source:                 genblk1[16].fDiv/clkDiv_reg/C
                            (rising edge-triggered cell FDRE)
  Destination:            genblk1[16].fDiv/clkDiv_reg/D
  Path Group:             (none)
  Path Type:              Min at Fast Process Corner
  Data Path Delay:        0.371ns  (logic 0.186ns (50.171%)  route 0.185ns (49.829%))
  Logic Levels:           2  (FDRE=1 LUT1=1)

    Location             Delay type                Incr(ns)  Path(ns)    Netlist Resource(s)
  -------------------------------------------------------------------    -------------------
    SLICE_X62Y17         FDRE                         0.000     0.000 r  genblk1[16].fDiv/clkDiv_reg/C
    SLICE_X62Y17         FDRE (Prop_fdre_C_Q)         0.141     0.141 f  genblk1[16].fDiv/clkDiv_reg/Q
                         net (fo=2, routed)           0.185     0.326    genblk1[16].fDiv/clkDiv_reg_0
    SLICE_X62Y17         LUT1 (Prop_lut1_I0_O)        0.045     0.371 r  genblk1[16].fDiv/clkDiv_i_1__15/O
                         net (fo=1, routed)           0.000     0.371    genblk1[16].fDiv/clkDiv_i_1__15_n_0
    SLICE_X62Y17         FDRE                                         r  genblk1[16].fDiv/clkDiv_reg/D
  -------------------------------------------------------------------    -------------------

Slack:                    inf
  Source:                 genblk1[5].fDiv/clkDiv_reg/C
                            (rising edge-triggered cell FDRE)
  Destination:            genblk1[5].fDiv/clkDiv_reg/D
  Path Group:             (none)
  Path Type:              Min at Fast Process Corner
  Data Path Delay:        0.371ns  (logic 0.186ns (50.162%)  route 0.185ns (49.838%))
  Logic Levels:           2  (FDRE=1 LUT1=1)

    Location             Delay type                Incr(ns)  Path(ns)    Netlist Resource(s)
  -------------------------------------------------------------------    -------------------
    SLICE_X62Y19         FDRE                         0.000     0.000 r  genblk1[5].fDiv/clkDiv_reg/C
    SLICE_X62Y19         FDRE (Prop_fdre_C_Q)         0.141     0.141 f  genblk1[5].fDiv/clkDiv_reg/Q
                         net (fo=2, routed)           0.185     0.326    genblk1[5].fDiv/clkDiv_reg_0
    SLICE_X62Y19         LUT1 (Prop_lut1_I0_O)        0.045     0.371 r  genblk1[5].fDiv/clkDiv_i_1__4/O
                         net (fo=1, routed)           0.000     0.371    genblk1[5].fDiv/clkDiv_i_1__4_n_0
    SLICE_X62Y19         FDRE                                         r  genblk1[5].fDiv/clkDiv_reg/D
  -------------------------------------------------------------------    -------------------

Slack:                    inf
  Source:                 genblk1[7].fDiv/clkDiv_reg/C
                            (rising edge-triggered cell FDRE)
  Destination:            genblk1[7].fDiv/clkDiv_reg/D
  Path Group:             (none)
  Path Type:              Min at Fast Process Corner
  Data Path Delay:        0.371ns  (logic 0.186ns (50.162%)  route 0.185ns (49.838%))
  Logic Levels:           2  (FDRE=1 LUT1=1)

    Location             Delay type                Incr(ns)  Path(ns)    Netlist Resource(s)
  -------------------------------------------------------------------    -------------------
    SLICE_X62Y20         FDRE                         0.000     0.000 r  genblk1[7].fDiv/clkDiv_reg/C
    SLICE_X62Y20         FDRE (Prop_fdre_C_Q)         0.141     0.141 f  genblk1[7].fDiv/clkDiv_reg/Q
                         net (fo=2, routed)           0.185     0.326    genblk1[7].fDiv/clkDiv_reg_0
    SLICE_X62Y20         LUT1 (Prop_lut1_I0_O)        0.045     0.371 r  genblk1[7].fDiv/clkDiv_i_1__6/O
                         net (fo=1, routed)           0.000     0.371    genblk1[7].fDiv/clkDiv_i_1__6_n_0
    SLICE_X62Y20         FDRE                                         r  genblk1[7].fDiv/clkDiv_reg/D
  -------------------------------------------------------------------    -------------------

Slack:                    inf
  Source:                 num3_reg[3]/C
                            (rising edge-triggered cell FDRE)
  Destination:            num2_reg[3]/D
  Path Group:             (none)
  Path Type:              Min at Fast Process Corner
  Data Path Delay:        0.383ns  (logic 0.226ns (59.034%)  route 0.157ns (40.966%))
  Logic Levels:           2  (FDRE=1 LUT3=1)

    Location             Delay type                Incr(ns)  Path(ns)    Netlist Resource(s)
  -------------------------------------------------------------------    -------------------
    SLICE_X62Y18         FDRE                         0.000     0.000 r  num3_reg[3]/C
    SLICE_X62Y18         FDRE (Prop_fdre_C_Q)         0.128     0.128 r  num3_reg[3]/Q
                         net (fo=2, routed)           0.157     0.285    press/num2_reg[3]_0[3]
    SLICE_X62Y18         LUT3 (Prop_lut3_I1_O)        0.098     0.383 r  press/num2[3]_i_1/O
                         net (fo=1, routed)           0.000     0.383    press_n_5
    SLICE_X62Y18         FDRE                                         r  num2_reg[3]/D
  -------------------------------------------------------------------    -------------------





