Copyright 1986-2022 Xilinx, Inc. All Rights Reserved. Copyright 2022-2024 Advanced Micro Devices, Inc. All Rights Reserved.
---------------------------------------------------------------------------------------------------------------------------------------------------------------------------------------------------------------
| Tool Version : Vivado v.2024.1 (win64) Build 5076996 Wed May 22 18:37:14 MDT 2024
| Date         : Mon Oct  7 22:26:58 2024
| Host         : Laptop-Chanatpakorn running 64-bit major release  (build 9200)
| Command      : report_timing_summary -max_paths 10 -report_unconstrained -file system_timing_summary_routed.rpt -pb system_timing_summary_routed.pb -rpx system_timing_summary_routed.rpx -warn_on_violation
| Design       : system
| Device       : 7a35t-cpg236
| Speed File   : -1  PRODUCTION 1.23 2018-06-13
| Design State : Routed
---------------------------------------------------------------------------------------------------------------------------------------------------------------------------------------------------------------

Timing Summary Report

------------------------------------------------------------------------------------------------
| Timer Settings
| --------------
------------------------------------------------------------------------------------------------

  Enable Multi Corner Analysis               :  Yes
  Enable Pessimism Removal                   :  Yes
  Pessimism Removal Resolution               :  Nearest Common Node
  Enable Input Delay Default Clock           :  No
  Enable Preset / Clear Arcs                 :  No
  Disable Flight Delays                      :  No
  Ignore I/O Paths                           :  No
  Timing Early Launch at Borrowing Latches   :  No
  Borrow Time for Max Delay Exceptions       :  Yes
  Merge Timing Exceptions                    :  Yes
  Inter-SLR Compensation                     :  Conservative

  Corner  Analyze    Analyze    
  Name    Max Paths  Min Paths  
  ------  ---------  ---------  
  Slow    Yes        Yes        
  Fast    Yes        Yes        


------------------------------------------------------------------------------------------------
| Report Methodology
| ------------------
------------------------------------------------------------------------------------------------

Rule       Severity          Description                  Violations  
---------  ----------------  ---------------------------  ----------  
TIMING-17  Critical Warning  Non-clocked sequential cell  25          

Note: This report is based on the most recent report_methodology run and may not be up-to-date. Run report_methodology on the current design for the latest report.



check_timing report

Table of Contents
-----------------
1. checking no_clock (25)
2. checking constant_clock (0)
3. checking pulse_width_clock (0)
4. checking unconstrained_internal_endpoints (25)
5. checking no_input_delay (5)
6. checking no_output_delay (11)
7. checking multiple_clock (0)
8. checking generated_clocks (0)
9. checking loops (0)
10. checking partial_input_delay (0)
11. checking partial_output_delay (0)
12. checking latch_loops (0)

1. checking no_clock (25)
-------------------------
 There are 7 register/latch pins with no clock driven by root clock pin: fdivTarget/clkDiv_reg/Q (HIGH)

 There is 1 register/latch pin with no clock driven by root clock pin: genblk1[0].fDiv/clkDiv_reg/Q (HIGH)

 There is 1 register/latch pin with no clock driven by root clock pin: genblk1[10].fDiv/clkDiv_reg/Q (HIGH)

 There is 1 register/latch pin with no clock driven by root clock pin: genblk1[11].fDiv/clkDiv_reg/Q (HIGH)

 There is 1 register/latch pin with no clock driven by root clock pin: genblk1[12].fDiv/clkDiv_reg/Q (HIGH)

 There is 1 register/latch pin with no clock driven by root clock pin: genblk1[13].fDiv/clkDiv_reg/Q (HIGH)

 There is 1 register/latch pin with no clock driven by root clock pin: genblk1[14].fDiv/clkDiv_reg/Q (HIGH)

 There is 1 register/latch pin with no clock driven by root clock pin: genblk1[15].fDiv/clkDiv_reg/Q (HIGH)

 There is 1 register/latch pin with no clock driven by root clock pin: genblk1[16].fDiv/clkDiv_reg/Q (HIGH)

 There is 1 register/latch pin with no clock driven by root clock pin: genblk1[17].fDiv/clkDiv_reg/Q (HIGH)

 There is 1 register/latch pin with no clock driven by root clock pin: genblk1[1].fDiv/clkDiv_reg/Q (HIGH)

 There is 1 register/latch pin with no clock driven by root clock pin: genblk1[2].fDiv/clkDiv_reg/Q (HIGH)

 There is 1 register/latch pin with no clock driven by root clock pin: genblk1[3].fDiv/clkDiv_reg/Q (HIGH)

 There is 1 register/latch pin with no clock driven by root clock pin: genblk1[4].fDiv/clkDiv_reg/Q (HIGH)

 There is 1 register/latch pin with no clock driven by root clock pin: genblk1[5].fDiv/clkDiv_reg/Q (HIGH)

 There is 1 register/latch pin with no clock driven by root clock pin: genblk1[6].fDiv/clkDiv_reg/Q (HIGH)

 There is 1 register/latch pin with no clock driven by root clock pin: genblk1[7].fDiv/clkDiv_reg/Q (HIGH)

 There is 1 register/latch pin with no clock driven by root clock pin: genblk1[8].fDiv/clkDiv_reg/Q (HIGH)

 There is 1 register/latch pin with no clock driven by root clock pin: genblk1[9].fDiv/clkDiv_reg/Q (HIGH)


2. checking constant_clock (0)
------------------------------
 There are 0 register/latch pins with constant_clock.


3. checking pulse_width_clock (0)
---------------------------------
 There are 0 register/latch pins which need pulse_width check


4. checking unconstrained_internal_endpoints (25)
-------------------------------------------------
 There are 25 pins that are not constrained for maximum delay. (HIGH)

 There are 0 pins that are not constrained for maximum delay due to constant clock.


5. checking no_input_delay (5)
------------------------------
 There are 5 input ports with no input delay specified. (HIGH)

 There are 0 input ports with no input delay but user has a false path constraint.


6. checking no_output_delay (11)
--------------------------------
 There are 11 ports with no output delay specified. (HIGH)

 There are 0 ports with no output delay but user has a false path constraint

 There are 0 ports with no output delay but with a timing clock defined on it or propagating through it


7. checking multiple_clock (0)
------------------------------
 There are 0 register/latch pins with multiple clocks.


8. checking generated_clocks (0)
--------------------------------
 There are 0 generated clocks that are not connected to a clock source.


9. checking loops (0)
---------------------
 There are 0 combinational loops in the design.


10. checking partial_input_delay (0)
------------------------------------
 There are 0 input ports with partial input delay specified.


11. checking partial_output_delay (0)
-------------------------------------
 There are 0 ports with partial output delay specified.


12. checking latch_loops (0)
----------------------------
 There are 0 combinational latch loops in the design through latch input



------------------------------------------------------------------------------------------------
| Design Timing Summary
| ---------------------
------------------------------------------------------------------------------------------------

    WNS(ns)      TNS(ns)  TNS Failing Endpoints  TNS Total Endpoints      WHS(ns)      THS(ns)  THS Failing Endpoints  THS Total Endpoints     WPWS(ns)     TPWS(ns)  TPWS Failing Endpoints  TPWS Total Endpoints  
    -------      -------  ---------------------  -------------------      -------      -------  ---------------------  -------------------     --------     --------  ----------------------  --------------------  
      8.335        0.000                      0                    1        0.479        0.000                      0                    1        4.500        0.000                       0                     2  


All user specified timing constraints are met.


------------------------------------------------------------------------------------------------
| Clock Summary
| -------------
------------------------------------------------------------------------------------------------

Clock        Waveform(ns)       Period(ns)      Frequency(MHz)
-----        ------------       ----------      --------------
sys_clk_pin  {0.000 5.000}      10.000          100.000         


------------------------------------------------------------------------------------------------
| Intra Clock Table
| -----------------
------------------------------------------------------------------------------------------------

Clock             WNS(ns)      TNS(ns)  TNS Failing Endpoints  TNS Total Endpoints      WHS(ns)      THS(ns)  THS Failing Endpoints  THS Total Endpoints     WPWS(ns)     TPWS(ns)  TPWS Failing Endpoints  TPWS Total Endpoints  
-----             -------      -------  ---------------------  -------------------      -------      -------  ---------------------  -------------------     --------     --------  ----------------------  --------------------  
sys_clk_pin         8.335        0.000                      0                    1        0.479        0.000                      0                    1        4.500        0.000                       0                     2  


------------------------------------------------------------------------------------------------
| Inter Clock Table
| -----------------
------------------------------------------------------------------------------------------------

From Clock    To Clock          WNS(ns)      TNS(ns)  TNS Failing Endpoints  TNS Total Endpoints      WHS(ns)      THS(ns)  THS Failing Endpoints  THS Total Endpoints  
----------    --------          -------      -------  ---------------------  -------------------      -------      -------  ---------------------  -------------------  


------------------------------------------------------------------------------------------------
| Other Path Groups Table
| -----------------------
------------------------------------------------------------------------------------------------

Path Group    From Clock    To Clock          WNS(ns)      TNS(ns)  TNS Failing Endpoints  TNS Total Endpoints      WHS(ns)      THS(ns)  THS Failing Endpoints  THS Total Endpoints  
----------    ----------    --------          -------      -------  ---------------------  -------------------      -------      -------  ---------------------  -------------------  


------------------------------------------------------------------------------------------------
| User Ignored Path Table
| -----------------------
------------------------------------------------------------------------------------------------

Path Group    From Clock    To Clock    
----------    ----------    --------    


------------------------------------------------------------------------------------------------
| Unconstrained Path Table
| ------------------------
------------------------------------------------------------------------------------------------

Path Group    From Clock    To Clock    
----------    ----------    --------    
(none)                                    


------------------------------------------------------------------------------------------------
| Timing Details
| --------------
------------------------------------------------------------------------------------------------


---------------------------------------------------------------------------------------------------
From Clock:  sys_clk_pin
  To Clock:  sys_clk_pin

Setup :            0  Failing Endpoints,  Worst Slack        8.335ns,  Total Violation        0.000ns
Hold  :            0  Failing Endpoints,  Worst Slack        0.479ns,  Total Violation        0.000ns
PW    :            0  Failing Endpoints,  Worst Slack        4.500ns,  Total Violation        0.000ns
---------------------------------------------------------------------------------------------------


Max Delay Paths
--------------------------------------------------------------------------------------
Slack (MET) :             8.335ns  (required time - arrival time)
  Source:                 genblk1[0].fDiv/clkDiv_reg/C
                            (rising edge-triggered cell FDRE clocked by sys_clk_pin  {rise@0.000ns fall@5.000ns period=10.000ns})
  Destination:            genblk1[0].fDiv/clkDiv_reg/D
                            (rising edge-triggered cell FDRE clocked by sys_clk_pin  {rise@0.000ns fall@5.000ns period=10.000ns})
  Path Group:             sys_clk_pin
  Path Type:              Setup (Max at Slow Process Corner)
  Requirement:            10.000ns  (sys_clk_pin rise@10.000ns - sys_clk_pin rise@0.000ns)
  Data Path Delay:        1.706ns  (logic 0.642ns (37.625%)  route 1.064ns (62.375%))
  Logic Levels:           1  (LUT1=1)
  Clock Path Skew:        0.000ns (DCD - SCD + CPR)
    Destination Clock Delay (DCD):    4.842ns = ( 14.842 - 10.000 ) 
    Source Clock Delay      (SCD):    5.138ns
    Clock Pessimism Removal (CPR):    0.296ns
  Clock Uncertainty:      0.035ns  ((TSJ^2 + TIJ^2)^1/2 + DJ) / 2 + PE
    Total System Jitter     (TSJ):    0.071ns
    Total Input Jitter      (TIJ):    0.000ns
    Discrete Jitter          (DJ):    0.000ns
    Phase Error              (PE):    0.000ns

    Location             Delay type                Incr(ns)  Path(ns)    Netlist Resource(s)
  -------------------------------------------------------------------    -------------------
                         (clock sys_clk_pin rise edge)
                                                      0.000     0.000 r  
    W5                                                0.000     0.000 r  clk (IN)
                         net (fo=0)                   0.000     0.000    clk
    W5                   IBUF (Prop_ibuf_I_O)         1.458     1.458 r  clk_IBUF_inst/O
                         net (fo=1, routed)           1.967     3.425    clk_IBUF
    BUFGCTRL_X0Y0        BUFG (Prop_bufg_I_O)         0.096     3.521 r  clk_IBUF_BUFG_inst/O
                         net (fo=1, routed)           1.617     5.138    genblk1[0].fDiv/clk
    SLICE_X60Y24         FDRE                                         r  genblk1[0].fDiv/clkDiv_reg/C
  -------------------------------------------------------------------    -------------------
    SLICE_X60Y24         FDRE (Prop_fdre_C_Q)         0.518     5.656 f  genblk1[0].fDiv/clkDiv_reg/Q
                         net (fo=2, routed)           1.064     6.721    genblk1[0].fDiv/clkDiv_reg_0
    SLICE_X60Y24         LUT1 (Prop_lut1_I0_O)        0.124     6.845 r  genblk1[0].fDiv/clkDiv_i_1/O
                         net (fo=1, routed)           0.000     6.845    genblk1[0].fDiv/p_0_in
    SLICE_X60Y24         FDRE                                         r  genblk1[0].fDiv/clkDiv_reg/D
  -------------------------------------------------------------------    -------------------

                         (clock sys_clk_pin rise edge)
                                                     10.000    10.000 r  
    W5                                                0.000    10.000 r  clk (IN)
                         net (fo=0)                   0.000    10.000    clk
    W5                   IBUF (Prop_ibuf_I_O)         1.388    11.388 r  clk_IBUF_inst/O
                         net (fo=1, routed)           1.862    13.250    clk_IBUF
    BUFGCTRL_X0Y0        BUFG (Prop_bufg_I_O)         0.091    13.341 r  clk_IBUF_BUFG_inst/O
                         net (fo=1, routed)           1.501    14.842    genblk1[0].fDiv/clk
    SLICE_X60Y24         FDRE                                         r  genblk1[0].fDiv/clkDiv_reg/C
                         clock pessimism              0.296    15.138    
                         clock uncertainty           -0.035    15.103    
    SLICE_X60Y24         FDRE (Setup_fdre_C_D)        0.077    15.180    genblk1[0].fDiv/clkDiv_reg
  -------------------------------------------------------------------
                         required time                         15.180    
                         arrival time                          -6.845    
  -------------------------------------------------------------------
                         slack                                  8.335    





Min Delay Paths
--------------------------------------------------------------------------------------
Slack (MET) :             0.479ns  (arrival time - required time)
  Source:                 genblk1[0].fDiv/clkDiv_reg/C
                            (rising edge-triggered cell FDRE clocked by sys_clk_pin  {rise@0.000ns fall@5.000ns period=10.000ns})
  Destination:            genblk1[0].fDiv/clkDiv_reg/D
                            (rising edge-triggered cell FDRE clocked by sys_clk_pin  {rise@0.000ns fall@5.000ns period=10.000ns})
  Path Group:             sys_clk_pin
  Path Type:              Hold (Min at Fast Process Corner)
  Requirement:            0.000ns  (sys_clk_pin rise@0.000ns - sys_clk_pin rise@0.000ns)
  Data Path Delay:        0.599ns  (logic 0.209ns (34.874%)  route 0.390ns (65.126%))
  Logic Levels:           1  (LUT1=1)
  Clock Path Skew:        0.000ns (DCD - SCD - CPR)
    Destination Clock Delay (DCD):    1.975ns
    Source Clock Delay      (SCD):    1.464ns
    Clock Pessimism Removal (CPR):    0.511ns

    Location             Delay type                Incr(ns)  Path(ns)    Netlist Resource(s)
  -------------------------------------------------------------------    -------------------
                         (clock sys_clk_pin rise edge)
                                                      0.000     0.000 r  
    W5                                                0.000     0.000 r  clk (IN)
                         net (fo=0)                   0.000     0.000    clk
    W5                   IBUF (Prop_ibuf_I_O)         0.226     0.226 r  clk_IBUF_inst/O
                         net (fo=1, routed)           0.631     0.858    clk_IBUF
    BUFGCTRL_X0Y0        BUFG (Prop_bufg_I_O)         0.026     0.884 r  clk_IBUF_BUFG_inst/O
                         net (fo=1, routed)           0.581     1.464    genblk1[0].fDiv/clk
    SLICE_X60Y24         FDRE                                         r  genblk1[0].fDiv/clkDiv_reg/C
  -------------------------------------------------------------------    -------------------
    SLICE_X60Y24         FDRE (Prop_fdre_C_Q)         0.164     1.628 f  genblk1[0].fDiv/clkDiv_reg/Q
                         net (fo=2, routed)           0.390     2.018    genblk1[0].fDiv/clkDiv_reg_0
    SLICE_X60Y24         LUT1 (Prop_lut1_I0_O)        0.045     2.063 r  genblk1[0].fDiv/clkDiv_i_1/O
                         net (fo=1, routed)           0.000     2.063    genblk1[0].fDiv/p_0_in
    SLICE_X60Y24         FDRE                                         r  genblk1[0].fDiv/clkDiv_reg/D
  -------------------------------------------------------------------    -------------------

                         (clock sys_clk_pin rise edge)
                                                      0.000     0.000 r  
    W5                                                0.000     0.000 r  clk (IN)
                         net (fo=0)                   0.000     0.000    clk
    W5                   IBUF (Prop_ibuf_I_O)         0.414     0.414 r  clk_IBUF_inst/O
                         net (fo=1, routed)           0.685     1.099    clk_IBUF
    BUFGCTRL_X0Y0        BUFG (Prop_bufg_I_O)         0.029     1.128 r  clk_IBUF_BUFG_inst/O
                         net (fo=1, routed)           0.848     1.975    genblk1[0].fDiv/clk
    SLICE_X60Y24         FDRE                                         r  genblk1[0].fDiv/clkDiv_reg/C
                         clock pessimism             -0.511     1.464    
    SLICE_X60Y24         FDRE (Hold_fdre_C_D)         0.120     1.584    genblk1[0].fDiv/clkDiv_reg
  -------------------------------------------------------------------
                         required time                         -1.584    
                         arrival time                           2.063    
  -------------------------------------------------------------------
                         slack                                  0.479    





Pulse Width Checks
--------------------------------------------------------------------------------------
Clock Name:         sys_clk_pin
Waveform(ns):       { 0.000 5.000 }
Period(ns):         10.000
Sources:            { clk }

Check Type        Corner  Lib Pin  Reference Pin  Required(ns)  Actual(ns)  Slack(ns)  Location       Pin
Min Period        n/a     BUFG/I   n/a            2.155         10.000      7.845      BUFGCTRL_X0Y0  clk_IBUF_BUFG_inst/I
Min Period        n/a     FDRE/C   n/a            1.000         10.000      9.000      SLICE_X60Y24   genblk1[0].fDiv/clkDiv_reg/C
Low Pulse Width   Slow    FDRE/C   n/a            0.500         5.000       4.500      SLICE_X60Y24   genblk1[0].fDiv/clkDiv_reg/C
Low Pulse Width   Fast    FDRE/C   n/a            0.500         5.000       4.500      SLICE_X60Y24   genblk1[0].fDiv/clkDiv_reg/C
High Pulse Width  Slow    FDRE/C   n/a            0.500         5.000       4.500      SLICE_X60Y24   genblk1[0].fDiv/clkDiv_reg/C
High Pulse Width  Fast    FDRE/C   n/a            0.500         5.000       4.500      SLICE_X60Y24   genblk1[0].fDiv/clkDiv_reg/C



--------------------------------------------------------------------------------------
Path Group:  (none)
From Clock:  
  To Clock:  

Max Delay            36 Endpoints
Min Delay            36 Endpoints
--------------------------------------------------------------------------------------


Max Delay Paths
--------------------------------------------------------------------------------------
Slack:                    inf
  Source:                 q7seg/ps_reg[0]/C
                            (rising edge-triggered cell FDRE)
  Destination:            seg[2]
                            (output port)
  Path Group:             (none)
  Path Type:              Max at Slow Process Corner
  Data Path Delay:        8.221ns  (logic 4.301ns (52.319%)  route 3.920ns (47.681%))
  Logic Levels:           4  (FDRE=1 LUT4=1 LUT6=1 OBUF=1)

    Location             Delay type                Incr(ns)  Path(ns)    Netlist Resource(s)
  -------------------------------------------------------------------    -------------------
    SLICE_X64Y22         FDRE                         0.000     0.000 r  q7seg/ps_reg[0]/C
    SLICE_X64Y22         FDRE (Prop_fdre_C_Q)         0.518     0.518 r  q7seg/ps_reg[0]/Q
                         net (fo=14, routed)          1.165     1.683    readRom/Q[0]
    SLICE_X56Y19         LUT4 (Prop_lut4_I1_O)        0.124     1.807 f  readRom/seg_OBUF[6]_inst_i_2/O
                         net (fo=7, routed)           0.703     2.510    readRom/sel0[0]
    SLICE_X56Y20         LUT6 (Prop_lut6_I3_O)        0.124     2.634 r  readRom/seg_OBUF[2]_inst_i_1/O
                         net (fo=1, routed)           2.052     4.686    seg_OBUF[2]
    U8                   OBUF (Prop_obuf_I_O)         3.535     8.221 r  seg_OBUF[2]_inst/O
                         net (fo=0)                   0.000     8.221    seg[2]
    U8                                                                r  seg[2] (OUT)
  -------------------------------------------------------------------    -------------------

Slack:                    inf
  Source:                 q7seg/ps_reg[0]/C
                            (rising edge-triggered cell FDRE)
  Destination:            seg[5]
                            (output port)
  Path Group:             (none)
  Path Type:              Max at Slow Process Corner
  Data Path Delay:        8.216ns  (logic 4.270ns (51.974%)  route 3.946ns (48.026%))
  Logic Levels:           4  (FDRE=1 LUT4=1 LUT6=1 OBUF=1)

    Location             Delay type                Incr(ns)  Path(ns)    Netlist Resource(s)
  -------------------------------------------------------------------    -------------------
    SLICE_X64Y22         FDRE                         0.000     0.000 r  q7seg/ps_reg[0]/C
    SLICE_X64Y22         FDRE (Prop_fdre_C_Q)         0.518     0.518 r  q7seg/ps_reg[0]/Q
                         net (fo=14, routed)          1.165     1.683    readRom/Q[0]
    SLICE_X56Y19         LUT4 (Prop_lut4_I1_O)        0.124     1.807 r  readRom/seg_OBUF[6]_inst_i_2/O
                         net (fo=7, routed)           0.716     2.523    readRom/sel0[0]
    SLICE_X56Y19         LUT6 (Prop_lut6_I4_O)        0.124     2.647 r  readRom/seg_OBUF[5]_inst_i_1/O
                         net (fo=1, routed)           2.065     4.712    seg_OBUF[5]
    V5                   OBUF (Prop_obuf_I_O)         3.504     8.216 r  seg_OBUF[5]_inst/O
                         net (fo=0)                   0.000     8.216    seg[5]
    V5                                                                r  seg[5] (OUT)
  -------------------------------------------------------------------    -------------------

Slack:                    inf
  Source:                 q7seg/ps_reg[0]/C
                            (rising edge-triggered cell FDRE)
  Destination:            seg[3]
                            (output port)
  Path Group:             (none)
  Path Type:              Max at Slow Process Corner
  Data Path Delay:        8.183ns  (logic 4.302ns (52.567%)  route 3.881ns (47.433%))
  Logic Levels:           4  (FDRE=1 LUT4=1 LUT6=1 OBUF=1)

    Location             Delay type                Incr(ns)  Path(ns)    Netlist Resource(s)
  -------------------------------------------------------------------    -------------------
    SLICE_X64Y22         FDRE                         0.000     0.000 r  q7seg/ps_reg[0]/C
    SLICE_X64Y22         FDRE (Prop_fdre_C_Q)         0.518     0.518 r  q7seg/ps_reg[0]/Q
                         net (fo=14, routed)          1.165     1.683    readRom/Q[0]
    SLICE_X56Y19         LUT4 (Prop_lut4_I1_O)        0.124     1.807 r  readRom/seg_OBUF[6]_inst_i_2/O
                         net (fo=7, routed)           0.670     2.477    readRom/sel0[0]
    SLICE_X56Y20         LUT6 (Prop_lut6_I4_O)        0.124     2.601 r  readRom/seg_OBUF[3]_inst_i_1/O
                         net (fo=1, routed)           2.046     4.647    seg_OBUF[3]
    V8                   OBUF (Prop_obuf_I_O)         3.536     8.183 r  seg_OBUF[3]_inst/O
                         net (fo=0)                   0.000     8.183    seg[3]
    V8                                                                r  seg[3] (OUT)
  -------------------------------------------------------------------    -------------------

Slack:                    inf
  Source:                 q7seg/ps_reg[0]/C
                            (rising edge-triggered cell FDRE)
  Destination:            seg[4]
                            (output port)
  Path Group:             (none)
  Path Type:              Max at Slow Process Corner
  Data Path Delay:        8.128ns  (logic 4.286ns (52.730%)  route 3.842ns (47.270%))
  Logic Levels:           4  (FDRE=1 LUT4=1 LUT6=1 OBUF=1)

    Location             Delay type                Incr(ns)  Path(ns)    Netlist Resource(s)
  -------------------------------------------------------------------    -------------------
    SLICE_X64Y22         FDRE                         0.000     0.000 r  q7seg/ps_reg[0]/C
    SLICE_X64Y22         FDRE (Prop_fdre_C_Q)         0.518     0.518 r  q7seg/ps_reg[0]/Q
                         net (fo=14, routed)          1.165     1.683    readRom/Q[0]
    SLICE_X56Y19         LUT4 (Prop_lut4_I1_O)        0.124     1.807 r  readRom/seg_OBUF[6]_inst_i_2/O
                         net (fo=7, routed)           0.726     2.533    readRom/sel0[0]
    SLICE_X56Y19         LUT6 (Prop_lut6_I5_O)        0.124     2.657 r  readRom/seg_OBUF[4]_inst_i_1/O
                         net (fo=1, routed)           1.951     4.608    seg_OBUF[4]
    U5                   OBUF (Prop_obuf_I_O)         3.520     8.128 r  seg_OBUF[4]_inst/O
                         net (fo=0)                   0.000     8.128    seg[4]
    U5                                                                r  seg[4] (OUT)
  -------------------------------------------------------------------    -------------------

Slack:                    inf
  Source:                 q7seg/ps_reg[0]/C
                            (rising edge-triggered cell FDRE)
  Destination:            seg[1]
                            (output port)
  Path Group:             (none)
  Path Type:              Max at Slow Process Corner
  Data Path Delay:        8.090ns  (logic 4.295ns (53.093%)  route 3.795ns (46.907%))
  Logic Levels:           4  (FDRE=1 LUT4=1 LUT6=1 OBUF=1)

    Location             Delay type                Incr(ns)  Path(ns)    Netlist Resource(s)
  -------------------------------------------------------------------    -------------------
    SLICE_X64Y22         FDRE                         0.000     0.000 r  q7seg/ps_reg[0]/C
    SLICE_X64Y22         FDRE (Prop_fdre_C_Q)         0.518     0.518 r  q7seg/ps_reg[0]/Q
                         net (fo=14, routed)          1.165     1.683    readRom/Q[0]
    SLICE_X56Y19         LUT4 (Prop_lut4_I1_O)        0.124     1.807 r  readRom/seg_OBUF[6]_inst_i_2/O
                         net (fo=7, routed)           0.653     2.460    readRom/sel0[0]
    SLICE_X56Y20         LUT6 (Prop_lut6_I5_O)        0.124     2.584 r  readRom/seg_OBUF[1]_inst_i_1/O
                         net (fo=1, routed)           1.976     4.561    seg_OBUF[1]
    W6                   OBUF (Prop_obuf_I_O)         3.529     8.090 r  seg_OBUF[1]_inst/O
                         net (fo=0)                   0.000     8.090    seg[1]
    W6                                                                r  seg[1] (OUT)
  -------------------------------------------------------------------    -------------------

Slack:                    inf
  Source:                 q7seg/ps_reg[0]/C
                            (rising edge-triggered cell FDRE)
  Destination:            seg[0]
                            (output port)
  Path Group:             (none)
  Path Type:              Max at Slow Process Corner
  Data Path Delay:        8.082ns  (logic 4.277ns (52.919%)  route 3.805ns (47.081%))
  Logic Levels:           4  (FDRE=1 LUT4=1 LUT6=1 OBUF=1)

    Location             Delay type                Incr(ns)  Path(ns)    Netlist Resource(s)
  -------------------------------------------------------------------    -------------------
    SLICE_X64Y22         FDRE                         0.000     0.000 r  q7seg/ps_reg[0]/C
    SLICE_X64Y22         FDRE (Prop_fdre_C_Q)         0.518     0.518 r  q7seg/ps_reg[0]/Q
                         net (fo=14, routed)          1.165     1.683    readRom/Q[0]
    SLICE_X56Y19         LUT4 (Prop_lut4_I1_O)        0.124     1.807 r  readRom/seg_OBUF[6]_inst_i_2/O
                         net (fo=7, routed)           0.656     2.463    readRom/sel0[0]
    SLICE_X56Y20         LUT6 (Prop_lut6_I4_O)        0.124     2.587 r  readRom/seg_OBUF[0]_inst_i_1/O
                         net (fo=1, routed)           1.984     4.571    seg_OBUF[0]
    W7                   OBUF (Prop_obuf_I_O)         3.511     8.082 r  seg_OBUF[0]_inst/O
                         net (fo=0)                   0.000     8.082    seg[0]
    W7                                                                r  seg[0] (OUT)
  -------------------------------------------------------------------    -------------------

Slack:                    inf
  Source:                 q7seg/ps_reg[0]/C
                            (rising edge-triggered cell FDRE)
  Destination:            seg[6]
                            (output port)
  Path Group:             (none)
  Path Type:              Max at Slow Process Corner
  Data Path Delay:        7.949ns  (logic 4.297ns (54.062%)  route 3.652ns (45.938%))
  Logic Levels:           4  (FDRE=1 LUT4=1 LUT6=1 OBUF=1)

    Location             Delay type                Incr(ns)  Path(ns)    Netlist Resource(s)
  -------------------------------------------------------------------    -------------------
    SLICE_X64Y22         FDRE                         0.000     0.000 r  q7seg/ps_reg[0]/C
    SLICE_X64Y22         FDRE (Prop_fdre_C_Q)         0.518     0.518 r  q7seg/ps_reg[0]/Q
                         net (fo=14, routed)          1.165     1.683    readRom/Q[0]
    SLICE_X56Y19         LUT4 (Prop_lut4_I1_O)        0.124     1.807 r  readRom/seg_OBUF[6]_inst_i_2/O
                         net (fo=7, routed)           0.328     2.135    readRom/sel0[0]
    SLICE_X56Y19         LUT6 (Prop_lut6_I3_O)        0.124     2.259 r  readRom/seg_OBUF[6]_inst_i_1/O
                         net (fo=1, routed)           2.158     4.418    seg_OBUF[6]
    U7                   OBUF (Prop_obuf_I_O)         3.531     7.949 r  seg_OBUF[6]_inst/O
                         net (fo=0)                   0.000     7.949    seg[6]
    U7                                                                r  seg[6] (OUT)
  -------------------------------------------------------------------    -------------------

Slack:                    inf
  Source:                 q7seg/ps_reg[1]/C
                            (rising edge-triggered cell FDRE)
  Destination:            an[0]
                            (output port)
  Path Group:             (none)
  Path Type:              Max at Slow Process Corner
  Data Path Delay:        7.227ns  (logic 4.381ns (60.616%)  route 2.846ns (39.384%))
  Logic Levels:           3  (FDRE=1 LUT2=1 OBUF=1)

    Location             Delay type                Incr(ns)  Path(ns)    Netlist Resource(s)
  -------------------------------------------------------------------    -------------------
    SLICE_X64Y22         FDRE                         0.000     0.000 r  q7seg/ps_reg[1]/C
    SLICE_X64Y22         FDRE (Prop_fdre_C_Q)         0.518     0.518 r  q7seg/ps_reg[1]/Q
                         net (fo=13, routed)          0.895     1.413    q7seg/Q[1]
    SLICE_X64Y22         LUT2 (Prop_lut2_I1_O)        0.153     1.566 r  q7seg/an_OBUF[0]_inst_i_1/O
                         net (fo=1, routed)           1.951     3.517    an_OBUF[0]
    U2                   OBUF (Prop_obuf_I_O)         3.710     7.227 r  an_OBUF[0]_inst/O
                         net (fo=0)                   0.000     7.227    an[0]
    U2                                                                r  an[0] (OUT)
  -------------------------------------------------------------------    -------------------

Slack:                    inf
  Source:                 q7seg/ps_reg[1]/C
                            (rising edge-triggered cell FDRE)
  Destination:            an[3]
                            (output port)
  Path Group:             (none)
  Path Type:              Max at Slow Process Corner
  Data Path Delay:        6.990ns  (logic 4.404ns (63.009%)  route 2.586ns (36.991%))
  Logic Levels:           3  (FDRE=1 LUT2=1 OBUF=1)

    Location             Delay type                Incr(ns)  Path(ns)    Netlist Resource(s)
  -------------------------------------------------------------------    -------------------
    SLICE_X64Y22         FDRE                         0.000     0.000 r  q7seg/ps_reg[1]/C
    SLICE_X64Y22         FDRE (Prop_fdre_C_Q)         0.518     0.518 f  q7seg/ps_reg[1]/Q
                         net (fo=13, routed)          0.689     1.207    q7seg/Q[1]
    SLICE_X64Y22         LUT2 (Prop_lut2_I1_O)        0.152     1.359 r  q7seg/an_OBUF[3]_inst_i_1/O
                         net (fo=1, routed)           1.897     3.256    an_OBUF[3]
    W4                   OBUF (Prop_obuf_I_O)         3.734     6.990 r  an_OBUF[3]_inst/O
                         net (fo=0)                   0.000     6.990    an[3]
    W4                                                                r  an[3] (OUT)
  -------------------------------------------------------------------    -------------------

Slack:                    inf
  Source:                 q7seg/ps_reg[1]/C
                            (rising edge-triggered cell FDRE)
  Destination:            an[2]
                            (output port)
  Path Group:             (none)
  Path Type:              Max at Slow Process Corner
  Data Path Delay:        6.841ns  (logic 4.391ns (64.186%)  route 2.450ns (35.814%))
  Logic Levels:           3  (FDRE=1 LUT2=1 OBUF=1)

    Location             Delay type                Incr(ns)  Path(ns)    Netlist Resource(s)
  -------------------------------------------------------------------    -------------------
    SLICE_X64Y22         FDRE                         0.000     0.000 r  q7seg/ps_reg[1]/C
    SLICE_X64Y22         FDRE (Prop_fdre_C_Q)         0.518     0.518 f  q7seg/ps_reg[1]/Q
                         net (fo=13, routed)          0.697     1.215    q7seg/Q[1]
    SLICE_X64Y22         LUT2 (Prop_lut2_I1_O)        0.146     1.361 r  q7seg/an_OBUF[2]_inst_i_1/O
                         net (fo=1, routed)           1.753     3.114    an_OBUF[2]
    V4                   OBUF (Prop_obuf_I_O)         3.727     6.841 r  an_OBUF[2]_inst/O
                         net (fo=0)                   0.000     6.841    an[2]
    V4                                                                r  an[2] (OUT)
  -------------------------------------------------------------------    -------------------





Min Delay Paths
--------------------------------------------------------------------------------------
Slack:                    inf
  Source:                 genblk1[12].fDiv/clkDiv_reg/C
                            (rising edge-triggered cell FDRE)
  Destination:            genblk1[12].fDiv/clkDiv_reg/D
  Path Group:             (none)
  Path Type:              Min at Fast Process Corner
  Data Path Delay:        0.354ns  (logic 0.186ns (52.507%)  route 0.168ns (47.493%))
  Logic Levels:           2  (FDRE=1 LUT1=1)

    Location             Delay type                Incr(ns)  Path(ns)    Netlist Resource(s)
  -------------------------------------------------------------------    -------------------
    SLICE_X61Y20         FDRE                         0.000     0.000 r  genblk1[12].fDiv/clkDiv_reg/C
    SLICE_X61Y20         FDRE (Prop_fdre_C_Q)         0.141     0.141 f  genblk1[12].fDiv/clkDiv_reg/Q
                         net (fo=2, routed)           0.168     0.309    genblk1[12].fDiv/clkDiv_reg_0
    SLICE_X61Y20         LUT1 (Prop_lut1_I0_O)        0.045     0.354 r  genblk1[12].fDiv/clkDiv_i_1__11/O
                         net (fo=1, routed)           0.000     0.354    genblk1[12].fDiv/clkDiv_i_1__11_n_0
    SLICE_X61Y20         FDRE                                         r  genblk1[12].fDiv/clkDiv_reg/D
  -------------------------------------------------------------------    -------------------

Slack:                    inf
  Source:                 genblk1[14].fDiv/clkDiv_reg/C
                            (rising edge-triggered cell FDRE)
  Destination:            genblk1[14].fDiv/clkDiv_reg/D
  Path Group:             (none)
  Path Type:              Min at Fast Process Corner
  Data Path Delay:        0.354ns  (logic 0.186ns (52.507%)  route 0.168ns (47.493%))
  Logic Levels:           2  (FDRE=1 LUT1=1)

    Location             Delay type                Incr(ns)  Path(ns)    Netlist Resource(s)
  -------------------------------------------------------------------    -------------------
    SLICE_X63Y20         FDRE                         0.000     0.000 r  genblk1[14].fDiv/clkDiv_reg/C
    SLICE_X63Y20         FDRE (Prop_fdre_C_Q)         0.141     0.141 f  genblk1[14].fDiv/clkDiv_reg/Q
                         net (fo=2, routed)           0.168     0.309    genblk1[14].fDiv/clkDiv_reg_0
    SLICE_X63Y20         LUT1 (Prop_lut1_I0_O)        0.045     0.354 r  genblk1[14].fDiv/clkDiv_i_1__13/O
                         net (fo=1, routed)           0.000     0.354    genblk1[14].fDiv/clkDiv_i_1__13_n_0
    SLICE_X63Y20         FDRE                                         r  genblk1[14].fDiv/clkDiv_reg/D
  -------------------------------------------------------------------    -------------------

Slack:                    inf
  Source:                 genblk1[15].fDiv/clkDiv_reg/C
                            (rising edge-triggered cell FDRE)
  Destination:            genblk1[15].fDiv/clkDiv_reg/D
  Path Group:             (none)
  Path Type:              Min at Fast Process Corner
  Data Path Delay:        0.354ns  (logic 0.186ns (52.507%)  route 0.168ns (47.493%))
  Logic Levels:           2  (FDRE=1 LUT1=1)

    Location             Delay type                Incr(ns)  Path(ns)    Netlist Resource(s)
  -------------------------------------------------------------------    -------------------
    SLICE_X63Y19         FDRE                         0.000     0.000 r  genblk1[15].fDiv/clkDiv_reg/C
    SLICE_X63Y19         FDRE (Prop_fdre_C_Q)         0.141     0.141 f  genblk1[15].fDiv/clkDiv_reg/Q
                         net (fo=2, routed)           0.168     0.309    genblk1[15].fDiv/clkDiv_reg_0
    SLICE_X63Y19         LUT1 (Prop_lut1_I0_O)        0.045     0.354 r  genblk1[15].fDiv/clkDiv_i_1__14/O
                         net (fo=1, routed)           0.000     0.354    genblk1[15].fDiv/clkDiv_i_1__14_n_0
    SLICE_X63Y19         FDRE                                         r  genblk1[15].fDiv/clkDiv_reg/D
  -------------------------------------------------------------------    -------------------

Slack:                    inf
  Source:                 genblk1[2].fDiv/clkDiv_reg/C
                            (rising edge-triggered cell FDRE)
  Destination:            genblk1[2].fDiv/clkDiv_reg/D
  Path Group:             (none)
  Path Type:              Min at Fast Process Corner
  Data Path Delay:        0.354ns  (logic 0.186ns (52.507%)  route 0.168ns (47.493%))
  Logic Levels:           2  (FDRE=1 LUT1=1)

    Location             Delay type                Incr(ns)  Path(ns)    Netlist Resource(s)
  -------------------------------------------------------------------    -------------------
    SLICE_X61Y23         FDRE                         0.000     0.000 r  genblk1[2].fDiv/clkDiv_reg/C
    SLICE_X61Y23         FDRE (Prop_fdre_C_Q)         0.141     0.141 f  genblk1[2].fDiv/clkDiv_reg/Q
                         net (fo=2, routed)           0.168     0.309    genblk1[2].fDiv/clkDiv_reg_0
    SLICE_X61Y23         LUT1 (Prop_lut1_I0_O)        0.045     0.354 r  genblk1[2].fDiv/clkDiv_i_1__1/O
                         net (fo=1, routed)           0.000     0.354    genblk1[2].fDiv/clkDiv_i_1__1_n_0
    SLICE_X61Y23         FDRE                                         r  genblk1[2].fDiv/clkDiv_reg/D
  -------------------------------------------------------------------    -------------------

Slack:                    inf
  Source:                 genblk1[3].fDiv/clkDiv_reg/C
                            (rising edge-triggered cell FDRE)
  Destination:            genblk1[3].fDiv/clkDiv_reg/D
  Path Group:             (none)
  Path Type:              Min at Fast Process Corner
  Data Path Delay:        0.354ns  (logic 0.186ns (52.507%)  route 0.168ns (47.493%))
  Logic Levels:           2  (FDRE=1 LUT1=1)

    Location             Delay type                Incr(ns)  Path(ns)    Netlist Resource(s)
  -------------------------------------------------------------------    -------------------
    SLICE_X61Y22         FDRE                         0.000     0.000 r  genblk1[3].fDiv/clkDiv_reg/C
    SLICE_X61Y22         FDRE (Prop_fdre_C_Q)         0.141     0.141 f  genblk1[3].fDiv/clkDiv_reg/Q
                         net (fo=2, routed)           0.168     0.309    genblk1[3].fDiv/clkDiv_reg_0
    SLICE_X61Y22         LUT1 (Prop_lut1_I0_O)        0.045     0.354 r  genblk1[3].fDiv/clkDiv_i_1__2/O
                         net (fo=1, routed)           0.000     0.354    genblk1[3].fDiv/clkDiv_i_1__2_n_0
    SLICE_X61Y22         FDRE                                         r  genblk1[3].fDiv/clkDiv_reg/D
  -------------------------------------------------------------------    -------------------

Slack:                    inf
  Source:                 genblk1[5].fDiv/clkDiv_reg/C
                            (rising edge-triggered cell FDRE)
  Destination:            genblk1[5].fDiv/clkDiv_reg/D
  Path Group:             (none)
  Path Type:              Min at Fast Process Corner
  Data Path Delay:        0.354ns  (logic 0.186ns (52.507%)  route 0.168ns (47.493%))
  Logic Levels:           2  (FDRE=1 LUT1=1)

    Location             Delay type                Incr(ns)  Path(ns)    Netlist Resource(s)
  -------------------------------------------------------------------    -------------------
    SLICE_X63Y21         FDRE                         0.000     0.000 r  genblk1[5].fDiv/clkDiv_reg/C
    SLICE_X63Y21         FDRE (Prop_fdre_C_Q)         0.141     0.141 f  genblk1[5].fDiv/clkDiv_reg/Q
                         net (fo=2, routed)           0.168     0.309    genblk1[5].fDiv/clkDiv_reg_0
    SLICE_X63Y21         LUT1 (Prop_lut1_I0_O)        0.045     0.354 r  genblk1[5].fDiv/clkDiv_i_1__4/O
                         net (fo=1, routed)           0.000     0.354    genblk1[5].fDiv/clkDiv_i_1__4_n_0
    SLICE_X63Y21         FDRE                                         r  genblk1[5].fDiv/clkDiv_reg/D
  -------------------------------------------------------------------    -------------------

Slack:                    inf
  Source:                 genblk1[4].fDiv/clkDiv_reg/C
                            (rising edge-triggered cell FDRE)
  Destination:            genblk1[4].fDiv/clkDiv_reg/D
  Path Group:             (none)
  Path Type:              Min at Fast Process Corner
  Data Path Delay:        0.371ns  (logic 0.186ns (50.171%)  route 0.185ns (49.829%))
  Logic Levels:           2  (FDRE=1 LUT1=1)

    Location             Delay type                Incr(ns)  Path(ns)    Netlist Resource(s)
  -------------------------------------------------------------------    -------------------
    SLICE_X62Y22         FDRE                         0.000     0.000 r  genblk1[4].fDiv/clkDiv_reg/C
    SLICE_X62Y22         FDRE (Prop_fdre_C_Q)         0.141     0.141 f  genblk1[4].fDiv/clkDiv_reg/Q
                         net (fo=2, routed)           0.185     0.326    genblk1[4].fDiv/clkDiv_reg_0
    SLICE_X62Y22         LUT1 (Prop_lut1_I0_O)        0.045     0.371 r  genblk1[4].fDiv/clkDiv_i_1__3/O
                         net (fo=1, routed)           0.000     0.371    genblk1[4].fDiv/clkDiv_i_1__3_n_0
    SLICE_X62Y22         FDRE                                         r  genblk1[4].fDiv/clkDiv_reg/D
  -------------------------------------------------------------------    -------------------

Slack:                    inf
  Source:                 genblk1[8].fDiv/clkDiv_reg/C
                            (rising edge-triggered cell FDRE)
  Destination:            genblk1[8].fDiv/clkDiv_reg/D
  Path Group:             (none)
  Path Type:              Min at Fast Process Corner
  Data Path Delay:        0.371ns  (logic 0.186ns (50.171%)  route 0.185ns (49.829%))
  Logic Levels:           2  (FDRE=1 LUT1=1)

    Location             Delay type                Incr(ns)  Path(ns)    Netlist Resource(s)
  -------------------------------------------------------------------    -------------------
    SLICE_X62Y21         FDRE                         0.000     0.000 r  genblk1[8].fDiv/clkDiv_reg/C
    SLICE_X62Y21         FDRE (Prop_fdre_C_Q)         0.141     0.141 f  genblk1[8].fDiv/clkDiv_reg/Q
                         net (fo=2, routed)           0.185     0.326    genblk1[8].fDiv/clkDiv_reg_0
    SLICE_X62Y21         LUT1 (Prop_lut1_I0_O)        0.045     0.371 r  genblk1[8].fDiv/clkDiv_i_1__7/O
                         net (fo=1, routed)           0.000     0.371    genblk1[8].fDiv/clkDiv_i_1__7_n_0
    SLICE_X62Y21         FDRE                                         r  genblk1[8].fDiv/clkDiv_reg/D
  -------------------------------------------------------------------    -------------------

Slack:                    inf
  Source:                 genblk1[17].fDiv/clkDiv_reg/C
                            (rising edge-triggered cell FDRE)
  Destination:            genblk1[17].fDiv/clkDiv_reg/D
  Path Group:             (none)
  Path Type:              Min at Fast Process Corner
  Data Path Delay:        0.371ns  (logic 0.186ns (50.162%)  route 0.185ns (49.838%))
  Logic Levels:           2  (FDRE=1 LUT1=1)

    Location             Delay type                Incr(ns)  Path(ns)    Netlist Resource(s)
  -------------------------------------------------------------------    -------------------
    SLICE_X62Y18         FDRE                         0.000     0.000 r  genblk1[17].fDiv/clkDiv_reg/C
    SLICE_X62Y18         FDRE (Prop_fdre_C_Q)         0.141     0.141 f  genblk1[17].fDiv/clkDiv_reg/Q
                         net (fo=2, routed)           0.185     0.326    genblk1[17].fDiv/clkDiv_reg_0
    SLICE_X62Y18         LUT1 (Prop_lut1_I0_O)        0.045     0.371 r  genblk1[17].fDiv/clkDiv_i_1__16/O
                         net (fo=1, routed)           0.000     0.371    genblk1[17].fDiv/clkDiv_i_1__16_n_0
    SLICE_X62Y18         FDRE                                         r  genblk1[17].fDiv/clkDiv_reg/D
  -------------------------------------------------------------------    -------------------

Slack:                    inf
  Source:                 genblk1[10].fDiv/clkDiv_reg/C
                            (rising edge-triggered cell FDRE)
  Destination:            genblk1[10].fDiv/clkDiv_reg/D
  Path Group:             (none)
  Path Type:              Min at Fast Process Corner
  Data Path Delay:        0.384ns  (logic 0.209ns (54.393%)  route 0.175ns (45.607%))
  Logic Levels:           2  (FDRE=1 LUT1=1)

    Location             Delay type                Incr(ns)  Path(ns)    Netlist Resource(s)
  -------------------------------------------------------------------    -------------------
    SLICE_X60Y21         FDRE                         0.000     0.000 r  genblk1[10].fDiv/clkDiv_reg/C
    SLICE_X60Y21         FDRE (Prop_fdre_C_Q)         0.164     0.164 f  genblk1[10].fDiv/clkDiv_reg/Q
                         net (fo=2, routed)           0.175     0.339    genblk1[10].fDiv/clkDiv_reg_0
    SLICE_X60Y21         LUT1 (Prop_lut1_I0_O)        0.045     0.384 r  genblk1[10].fDiv/clkDiv_i_1__9/O
                         net (fo=1, routed)           0.000     0.384    genblk1[10].fDiv/clkDiv_i_1__9_n_0
    SLICE_X60Y21         FDRE                                         r  genblk1[10].fDiv/clkDiv_reg/D
  -------------------------------------------------------------------    -------------------





