Copyright 1986-2022 Xilinx, Inc. All Rights Reserved. Copyright 2022-2024 Advanced Micro Devices, Inc. All Rights Reserved.
---------------------------------------------------------------------------------------------------------------------------------------------
| Tool Version : Vivado v.2024.1 (win64) Build 5076996 Wed May 22 18:37:14 MDT 2024
| Date         : Mon Oct  7 22:02:34 2024
| Host         : Laptop-Chanatpakorn running 64-bit major release  (build 9200)
| Command      : report_control_sets -verbose -file system_control_sets_placed.rpt
| Design       : system
| Device       : xc7a35t
---------------------------------------------------------------------------------------------------------------------------------------------

Control Set Information

Table of Contents
-----------------
1. Summary
2. Histogram
3. Flip-Flop Distribution
4. Detailed Control Set Information

1. Summary
----------

+----------------------------------------------------------+-------+
|                          Status                          | Count |
+----------------------------------------------------------+-------+
| Total control sets                                       |   280 |
|    Minimum number of control sets                        |   280 |
|    Addition due to synthesis replication                 |     0 |
|    Addition due to physical synthesis replication        |     0 |
| Unused register locations in slices containing registers |   177 |
+----------------------------------------------------------+-------+
* Control sets can be merged at opt_design using control_set_merge or merge_equivalent_drivers
** Run report_qor_suggestions for automated merging and remapping suggestions


2. Histogram
------------

+--------------------+-------+
|       Fanout       | Count |
+--------------------+-------+
| Total control sets |   280 |
| >= 0 to < 4        |    22 |
| >= 4 to < 6        |     0 |
| >= 6 to < 8        |     7 |
| >= 8 to < 10       |   249 |
| >= 10 to < 12      |     0 |
| >= 12 to < 14      |     0 |
| >= 14 to < 16      |     0 |
| >= 16              |     2 |
+--------------------+-------+
* Control sets can be remapped at either synth_design or opt_design


3. Flip-Flop Distribution
-------------------------

+--------------+-----------------------+------------------------+-----------------+--------------+
| Clock Enable | Synchronous Set/Reset | Asynchronous Set/Reset | Total Registers | Total Slices |
+--------------+-----------------------+------------------------+-----------------+--------------+
| No           | No                    | No                     |              46 |           36 |
| No           | No                    | Yes                    |               0 |            0 |
| No           | Yes                   | No                     |              28 |            9 |
| Yes          | No                    | No                     |            2037 |          855 |
| Yes          | No                    | Yes                    |               0 |            0 |
| Yes          | Yes                   | No                     |               0 |            0 |
+--------------+-----------------------+------------------------+-----------------+--------------+


4. Detailed Control Set Information
-----------------------------------

+--------------------------------+---------------------------------+----------------------+------------------+----------------+--------------+
|          Clock Signal          |          Enable Signal          |   Set/Reset Signal   | Slice Load Count | Bel Load Count | Bels / Slice |
+--------------------------------+---------------------------------+----------------------+------------------+----------------+--------------+
|  genblk1[0].fDiv/clkDiv_reg_0  |                                 |                      |                1 |              1 |         1.00 |
|  genblk1[10].fDiv/clkDiv_reg_0 |                                 |                      |                1 |              1 |         1.00 |
|  genblk1[4].fDiv/clkDiv_reg_0  |                                 |                      |                1 |              1 |         1.00 |
|  genblk1[5].fDiv/clkDiv_reg_0  |                                 |                      |                1 |              1 |         1.00 |
|  genblk1[3].fDiv/clkDiv_reg_0  |                                 |                      |                1 |              1 |         1.00 |
|  genblk1[6].fDiv/clkDiv_reg_0  |                                 |                      |                1 |              1 |         1.00 |
|  genblk1[2].fDiv/clkDiv_reg_0  |                                 |                      |                1 |              1 |         1.00 |
|  genblk1[13].fDiv/clkDiv_reg_0 |                                 |                      |                1 |              1 |         1.00 |
|  genblk1[12].fDiv/clkDiv_reg_0 |                                 |                      |                1 |              1 |         1.00 |
|  genblk1[14].fDiv/clkDiv_reg_0 |                                 |                      |                1 |              1 |         1.00 |
|  genblk1[11].fDiv/clkDiv_reg_0 |                                 |                      |                1 |              1 |         1.00 |
|  genblk1[9].fDiv/clkDiv_reg_0  |                                 |                      |                1 |              1 |         1.00 |
|  genblk1[7].fDiv/clkDiv_reg_0  |                                 |                      |                1 |              1 |         1.00 |
|  genblk1[8].fDiv/clkDiv_reg_0  |                                 |                      |                1 |              1 |         1.00 |
|  genblk1[16].fDiv/clkDiv_reg_0 |                                 |                      |                1 |              1 |         1.00 |
|  genblk1[15].fDiv/clkDiv_reg_0 |                                 |                      |                1 |              1 |         1.00 |
|  genblk1[17].fDiv/clkDiv_reg_0 |                                 |                      |                1 |              1 |         1.00 |
|  genblk1[1].fDiv/clkDiv_reg_0  |                                 |                      |                1 |              1 |         1.00 |
|  clk_IBUF_BUFG                 |                                 |                      |                1 |              1 |         1.00 |
|  targetClk_BUFG                | nolabel_line57/state_i_1__0_n_0 |                      |                1 |              1 |         1.00 |
|  targetClk_BUFG                | nolabel_line56/state_i_1_n_0    |                      |                1 |              1 |         1.00 |
|  targetClk_BUFG                | nolabel_line58/state_i_1__1_n_0 |                      |                1 |              1 |         1.00 |
|  targetClk_BUFG                | stack/mem[3][6]_i_1_n_0         |                      |                2 |              6 |         3.00 |
|  targetClk_BUFG                | stack/mem[226][7]_i_1_n_0       |                      |                1 |              6 |         6.00 |
|  targetClk_BUFG                | stack/mem[10][6]_i_1_n_0        |                      |                1 |              6 |         6.00 |
|  targetClk_BUFG                | stack/mem[146][7]_i_1_n_0       |                      |                1 |              6 |         6.00 |
|  targetClk_BUFG                | stack/mem[162][7]_i_1_n_0       |                      |                3 |              6 |         2.00 |
|  targetClk_BUFG                | stack/mem[6][7]_i_1_n_0         |                      |                5 |              6 |         1.20 |
|  targetClk_BUFG                | stack/mem[82][7]_i_1_n_0        |                      |                1 |              6 |         6.00 |
|  targetClk_BUFG                | stack/mem[132][7]_i_1_n_0       |                      |                2 |              8 |         4.00 |
|  targetClk_BUFG                | stack/mem[120][7]_i_1_n_0       |                      |                2 |              8 |         4.00 |
|  targetClk_BUFG                | stack/mem[127][7]_i_1_n_0       |                      |                2 |              8 |         4.00 |
|  targetClk_BUFG                | stack/mem[106][7]_i_1_n_0       |                      |                2 |              8 |         4.00 |
|  targetClk_BUFG                | stack/mem[145][7]_i_1_n_0       |                      |                5 |              8 |         1.60 |
|  targetClk_BUFG                | stack/mem[115][7]_i_1_n_0       |                      |                2 |              8 |         4.00 |
|  targetClk_BUFG                | stack/mem[100][7]_i_1_n_0       |                      |                3 |              8 |         2.67 |
|  targetClk_BUFG                | stack/mem[112][7]_i_1_n_0       |                      |                5 |              8 |         1.60 |
|  targetClk_BUFG                | stack/mem[136][7]_i_1_n_0       |                      |                2 |              8 |         4.00 |
|  targetClk_BUFG                | stack/mem[139][7]_i_1_n_0       |                      |                3 |              8 |         2.67 |
|  targetClk_BUFG                | stack/mem[110][7]_i_1_n_0       |                      |                7 |              8 |         1.14 |
|  targetClk_BUFG                | stack/mem[113][7]_i_1_n_0       |                      |                3 |              8 |         2.67 |
|  targetClk_BUFG                | stack/mem[116][7]_i_1_n_0       |                      |                3 |              8 |         2.67 |
|  targetClk_BUFG                | stack/mem[117][7]_i_1_n_0       |                      |                2 |              8 |         4.00 |
|  targetClk_BUFG                | stack/mem[129][7]_i_1_n_0       |                      |                5 |              8 |         1.60 |
|  targetClk_BUFG                | stack/mem[128][7]_i_1_n_0       |                      |                3 |              8 |         2.67 |
|  targetClk_BUFG                | stack/mem[109][7]_i_1_n_0       |                      |                3 |              8 |         2.67 |
|  targetClk_BUFG                | stack/mem[121][7]_i_1_n_0       |                      |                3 |              8 |         2.67 |
|  targetClk_BUFG                | stack/mem[105][7]_i_1_n_0       |                      |                5 |              8 |         1.60 |
|  targetClk_BUFG                | stack/mem[137][7]_i_1_n_0       |                      |                4 |              8 |         2.00 |
|  targetClk_BUFG                | stack/mem[101][7]_i_1_n_0       |                      |                5 |              8 |         1.60 |
|  targetClk_BUFG                | stack/mem[13][7]_i_1_n_0        |                      |                5 |              8 |         1.60 |
|  targetClk_BUFG                | stack/mem[107][7]_i_1_n_0       |                      |                1 |              8 |         8.00 |
|  targetClk_BUFG                | stack/mem[133][7]_i_1_n_0       |                      |                3 |              8 |         2.67 |
|  targetClk_BUFG                | stack/mem[111][7]_i_1_n_0       |                      |                3 |              8 |         2.67 |
|  targetClk_BUFG                | stack/mem[134][7]_i_1_n_0       |                      |                2 |              8 |         4.00 |
|  targetClk_BUFG                | stack/mem[135][7]_i_1_n_0       |                      |                2 |              8 |         4.00 |
|  targetClk_BUFG                | stack/mem[142][7]_i_1_n_0       |                      |                7 |              8 |         1.14 |
|  targetClk_BUFG                | stack/mem[104][7]_i_1_n_0       |                      |                6 |              8 |         1.33 |
|  targetClk_BUFG                | stack/mem[122][7]_i_1_n_0       |                      |                2 |              8 |         4.00 |
|  targetClk_BUFG                | stack/mem[103][7]_i_1_n_0       |                      |                2 |              8 |         4.00 |
|  targetClk_BUFG                | stack/mem[119][7]_i_1_n_0       |                      |                2 |              8 |         4.00 |
|  targetClk_BUFG                | stack/mem[102][7]_i_1_n_0       |                      |                2 |              8 |         4.00 |
|  targetClk_BUFG                | stack/mem[130][7]_i_1_n_0       |                      |                2 |              8 |         4.00 |
|  targetClk_BUFG                | stack/mem[141][7]_i_1_n_0       |                      |                5 |              8 |         1.60 |
|  targetClk_BUFG                | stack/mem[143][7]_i_1_n_0       |                      |                2 |              8 |         4.00 |
|  targetClk_BUFG                | stack/mem[147][7]_i_1_n_0       |                      |                2 |              8 |         4.00 |
|  targetClk_BUFG                | stack/mem[114][7]_i_1_n_0       |                      |                3 |              8 |         2.67 |
|  targetClk_BUFG                | stack/mem[124][7]_i_1_n_0       |                      |                7 |              8 |         1.14 |
|  targetClk_BUFG                | stack/mem[138][7]_i_1_n_0       |                      |                4 |              8 |         2.00 |
|  targetClk_BUFG                | stack/mem[123][7]_i_1_n_0       |                      |                8 |              8 |         1.00 |
|  targetClk_BUFG                | stack/mem[118][7]_i_1_n_0       |                      |                3 |              8 |         2.67 |
|  targetClk_BUFG                | stack/mem[126][7]_i_1_n_0       |                      |                6 |              8 |         1.33 |
|  targetClk_BUFG                | stack/mem[12][7]_i_1_n_0        |                      |                2 |              8 |         4.00 |
|  targetClk_BUFG                | stack/mem[131][7]_i_1_n_0       |                      |                6 |              8 |         1.33 |
|  targetClk_BUFG                | stack/mem[140][7]_i_1_n_0       |                      |                3 |              8 |         2.67 |
|  targetClk_BUFG                | stack/mem[144][7]_i_1_n_0       |                      |                3 |              8 |         2.67 |
|  targetClk_BUFG                | stack/mem[125][7]_i_1_n_0       |                      |                2 |              8 |         4.00 |
|  targetClk_BUFG                | stack/mem[164][7]_i_1_n_0       |                      |                2 |              8 |         4.00 |
|  targetClk_BUFG                | stack/mem[14][7]_i_1_n_0        |                      |                2 |              8 |         4.00 |
|  targetClk_BUFG                | stack/mem[16][7]_i_1_n_0        |                      |                3 |              8 |         2.67 |
|  targetClk_BUFG                | stack/mem[15][7]_i_1_n_0        |                      |                2 |              8 |         4.00 |
|  targetClk_BUFG                | stack/mem[173][7]_i_1_n_0       |                      |                6 |              8 |         1.33 |
|  targetClk_BUFG                | stack/mem[181][7]_i_1_n_0       |                      |                3 |              8 |         2.67 |
|  targetClk_BUFG                | stack/mem[184][7]_i_1_n_0       |                      |                3 |              8 |         2.67 |
|  targetClk_BUFG                | stack/mem[185][7]_i_1_n_0       |                      |                2 |              8 |         4.00 |
|  targetClk_BUFG                | stack/mem[187][7]_i_1_n_0       |                      |                3 |              8 |         2.67 |
|  targetClk_BUFG                | stack/mem[189][7]_i_1_n_0       |                      |                6 |              8 |         1.33 |
|  targetClk_BUFG                | stack/mem[190][7]_i_1_n_0       |                      |                3 |              8 |         2.67 |
|  targetClk_BUFG                | stack/mem[193][7]_i_1_n_0       |                      |                2 |              8 |         4.00 |
|  targetClk_BUFG                | stack/mem[195][7]_i_1_n_0       |                      |                3 |              8 |         2.67 |
|  targetClk_BUFG                | stack/mem[178][7]_i_1_n_0       |                      |                2 |              8 |         4.00 |
|  targetClk_BUFG                | stack/mem[171][7]_i_1_n_0       |                      |                2 |              8 |         4.00 |
|  targetClk_BUFG                | stack/mem[17][7]_i_1_n_0        |                      |                2 |              8 |         4.00 |
|  targetClk_BUFG                | stack/mem[155][7]_i_1_n_0       |                      |                6 |              8 |         1.33 |
|  targetClk_BUFG                | stack/mem[167][7]_i_1_n_0       |                      |                4 |              8 |         2.00 |
|  targetClk_BUFG                | stack/mem[172][7]_i_1_n_0       |                      |                4 |              8 |         2.00 |
|  targetClk_BUFG                | stack/mem[161][7]_i_1_n_0       |                      |                2 |              8 |         4.00 |
|  targetClk_BUFG                | stack/mem[182][7]_i_1_n_0       |                      |                2 |              8 |         4.00 |
|  targetClk_BUFG                | stack/mem[196][7]_i_1_n_0       |                      |                2 |              8 |         4.00 |
|  targetClk_BUFG                | stack/mem[151][7]_i_1_n_0       |                      |                3 |              8 |         2.67 |
|  targetClk_BUFG                | stack/mem[197][7]_i_1_n_0       |                      |                3 |              8 |         2.67 |
|  targetClk_BUFG                | stack/mem[174][7]_i_1_n_0       |                      |                3 |              8 |         2.67 |
|  targetClk_BUFG                | stack/mem[165][7]_i_1_n_0       |                      |                4 |              8 |         2.00 |
|  targetClk_BUFG                | stack/mem[175][7]_i_1_n_0       |                      |                2 |              8 |         4.00 |
|  targetClk_BUFG                | stack/mem[186][7]_i_1_n_0       |                      |                4 |              8 |         2.00 |
|  targetClk_BUFG                | stack/mem[188][7]_i_1_n_0       |                      |                4 |              8 |         2.00 |
|  targetClk_BUFG                | stack/mem[18][7]_i_1_n_0        |                      |                3 |              8 |         2.67 |
|  targetClk_BUFG                | stack/mem[191][7]_i_1_n_0       |                      |                3 |              8 |         2.67 |
|  targetClk_BUFG                | stack/mem[149][7]_i_1_n_0       |                      |                5 |              8 |         1.60 |
|  targetClk_BUFG                | stack/mem[194][7]_i_1_n_0       |                      |                2 |              8 |         4.00 |
|  targetClk_BUFG                | stack/mem[198][7]_i_1_n_0       |                      |                3 |              8 |         2.67 |
|  targetClk_BUFG                | stack/mem[199][7]_i_1_n_0       |                      |                3 |              8 |         2.67 |
|  targetClk_BUFG                | stack/mem[19][7]_i_1_n_0        |                      |                3 |              8 |         2.67 |
|  targetClk_BUFG                | stack/mem[156][7]_i_1_n_0       |                      |                2 |              8 |         4.00 |
|  targetClk_BUFG                | stack/mem[168][7]_i_1_n_0       |                      |                3 |              8 |         2.67 |
|  targetClk_BUFG                | stack/mem[163][7]_i_1_n_0       |                      |                2 |              8 |         4.00 |
|  targetClk_BUFG                | stack/mem[192][7]_i_1_n_0       |                      |                3 |              8 |         2.67 |
|  targetClk_BUFG                | stack/mem[152][7]_i_1_n_0       |                      |                5 |              8 |         1.60 |
|  targetClk_BUFG                | stack/mem[159][7]_i_1_n_0       |                      |                1 |              8 |         8.00 |
|  targetClk_BUFG                | stack/mem[169][7]_i_1_n_0       |                      |                3 |              8 |         2.67 |
|  targetClk_BUFG                | stack/mem[157][7]_i_1_n_0       |                      |                2 |              8 |         4.00 |
|  targetClk_BUFG                | stack/mem[166][7]_i_1_n_0       |                      |                5 |              8 |         1.60 |
|  targetClk_BUFG                | stack/mem[170][7]_i_1_n_0       |                      |                4 |              8 |         2.00 |
|  targetClk_BUFG                | stack/mem[150][7]_i_1_n_0       |                      |                3 |              8 |         2.67 |
|  targetClk_BUFG                | stack/mem[176][7]_i_1_n_0       |                      |                2 |              8 |         4.00 |
|  targetClk_BUFG                | stack/mem[177][7]_i_1_n_0       |                      |                3 |              8 |         2.67 |
|  targetClk_BUFG                | stack/mem[179][7]_i_1_n_0       |                      |                4 |              8 |         2.00 |
|  targetClk_BUFG                | stack/mem[153][7]_i_1_n_0       |                      |                4 |              8 |         2.00 |
|  targetClk_BUFG                | stack/mem[148][7]_i_1_n_0       |                      |                2 |              8 |         4.00 |
|  targetClk_BUFG                | stack/mem[158][7]_i_1_n_0       |                      |                6 |              8 |         1.33 |
|  targetClk_BUFG                | stack/mem[180][7]_i_1_n_0       |                      |                4 |              8 |         2.00 |
|  targetClk_BUFG                | stack/mem[183][7]_i_1_n_0       |                      |                4 |              8 |         2.00 |
|  targetClk_BUFG                | stack/mem[160][7]_i_1_n_0       |                      |                5 |              8 |         1.60 |
|  targetClk_BUFG                | stack/mem[154][7]_i_1_n_0       |                      |                2 |              8 |         4.00 |
|  targetClk_BUFG                | stack/mem[201][7]_i_1_n_0       |                      |                5 |              8 |         1.60 |
|  targetClk_BUFG                | stack/mem[202][7]_i_1_n_0       |                      |                3 |              8 |         2.67 |
|  targetClk_BUFG                | stack/mem[204][7]_i_1_n_0       |                      |                5 |              8 |         1.60 |
|  targetClk_BUFG                | stack/mem[203][7]_i_1_n_0       |                      |                3 |              8 |         2.67 |
|  targetClk_BUFG                | stack/mem[200][7]_i_1_n_0       |                      |                2 |              8 |         4.00 |
|  targetClk_BUFG                | stack/mem[1][7]_i_1_n_0         |                      |                4 |              8 |         2.00 |
|  targetClk_BUFG                | stack/mem[206][7]_i_1_n_0       |                      |                5 |              8 |         1.60 |
|  targetClk_BUFG                | stack/mem[241][7]_i_1_n_0       |                      |                2 |              8 |         4.00 |
|  targetClk_BUFG                | stack/mem[245][7]_i_1_n_0       |                      |                2 |              8 |         4.00 |
|  targetClk_BUFG                | stack/mem[238][7]_i_1_n_0       |                      |                6 |              8 |         1.33 |
|  targetClk_BUFG                | stack/mem[215][7]_i_1_n_0       |                      |                2 |              8 |         4.00 |
|  targetClk_BUFG                | stack/mem[207][7]_i_1_n_0       |                      |                3 |              8 |         2.67 |
|  targetClk_BUFG                | stack/mem[222][7]_i_1_n_0       |                      |                6 |              8 |         1.33 |
|  targetClk_BUFG                | stack/mem[237][7]_i_1_n_0       |                      |                3 |              8 |         2.67 |
|  targetClk_BUFG                | stack/mem[227][7]_i_1_n_0       |                      |                2 |              8 |         4.00 |
|  targetClk_BUFG                | stack/mem[223][7]_i_1_n_0       |                      |                2 |              8 |         4.00 |
|  targetClk_BUFG                | stack/mem[243][7]_i_1_n_0       |                      |                3 |              8 |         2.67 |
|  targetClk_BUFG                | stack/mem[213][7]_i_1_n_0       |                      |                5 |              8 |         1.60 |
|  targetClk_BUFG                | stack/mem[247][7]_i_1_n_0       |                      |                3 |              8 |         2.67 |
|  targetClk_BUFG                | stack/mem[248][7]_i_1_n_0       |                      |                3 |              8 |         2.67 |
|  targetClk_BUFG                | stack/mem[246][7]_i_1_n_0       |                      |                5 |              8 |         1.60 |
|  targetClk_BUFG                | stack/mem[249][7]_i_1_n_0       |                      |                5 |              8 |         1.60 |
|  targetClk_BUFG                | stack/mem[250][7]_i_1_n_0       |                      |                3 |              8 |         2.67 |
|  targetClk_BUFG                | stack/mem[251][7]_i_1_n_0       |                      |                1 |              8 |         8.00 |
|  targetClk_BUFG                | stack/mem[252][7]_i_1_n_0       |                      |                4 |              8 |         2.00 |
|  targetClk_BUFG                | stack/mem[254][7]_i_1_n_0       |                      |                5 |              8 |         1.60 |
|  targetClk_BUFG                | stack/mem[255][7]_i_1_n_0       |                      |                2 |              8 |         4.00 |
|  targetClk_BUFG                | stack/mem[229][7]_i_1_n_0       |                      |                3 |              8 |         2.67 |
|  targetClk_BUFG                | stack/mem[240][7]_i_1_n_0       |                      |                2 |              8 |         4.00 |
|  targetClk_BUFG                | stack/mem[25][7]_i_1_n_0        |                      |                6 |              8 |         1.33 |
|  targetClk_BUFG                | stack/mem[208][7]_i_1_n_0       |                      |                2 |              8 |         4.00 |
|  targetClk_BUFG                | stack/mem[26][7]_i_1_n_0        |                      |                4 |              8 |         2.00 |
|  targetClk_BUFG                | stack/mem[221][7]_i_1_n_0       |                      |                3 |              8 |         2.67 |
|  targetClk_BUFG                | stack/mem[24][7]_i_1_n_0        |                      |                2 |              8 |         4.00 |
|  targetClk_BUFG                | stack/mem[22][7]_i_1_n_0        |                      |                4 |              8 |         2.00 |
|  targetClk_BUFG                | stack/mem[20][7]_i_1_n_0        |                      |                2 |              8 |         4.00 |
|  targetClk_BUFG                | stack/mem[23][7]_i_1_n_0        |                      |                2 |              8 |         4.00 |
|  targetClk_BUFG                | stack/mem[239][7]_i_1_n_0       |                      |                2 |              8 |         4.00 |
|  targetClk_BUFG                | stack/mem[244][7]_i_1_n_0       |                      |                2 |              8 |         4.00 |
|  targetClk_BUFG                | stack/mem[253][7]_i_1_n_0       |                      |                2 |              8 |         4.00 |
|  targetClk_BUFG                | stack/mem[228][7]_i_1_n_0       |                      |                2 |              8 |         4.00 |
|  targetClk_BUFG                | stack/mem[224][7]_i_1_n_0       |                      |                3 |              8 |         2.67 |
|  targetClk_BUFG                | stack/mem[232][7]_i_1_n_0       |                      |                4 |              8 |         2.00 |
|  targetClk_BUFG                | stack/mem[219][7]_i_1_n_0       |                      |                3 |              8 |         2.67 |
|  targetClk_BUFG                | stack/mem[211][7]_i_1_n_0       |                      |                1 |              8 |         8.00 |
|  targetClk_BUFG                | stack/mem[216][7]_i_1_n_0       |                      |                2 |              8 |         4.00 |
|  targetClk_BUFG                | stack/mem[220][7]_i_1_n_0       |                      |                4 |              8 |         2.00 |
|  targetClk_BUFG                | stack/mem[209][7]_i_1_n_0       |                      |                4 |              8 |         2.00 |
|  targetClk_BUFG                | stack/mem[236][7]_i_1_n_0       |                      |                2 |              8 |         4.00 |
|  targetClk_BUFG                | stack/mem[242][7]_i_1_n_0       |                      |                3 |              8 |         2.67 |
|  targetClk_BUFG                | stack/mem[225][7]_i_1_n_0       |                      |                6 |              8 |         1.33 |
|  targetClk_BUFG                | stack/mem[217][7]_i_1_n_0       |                      |                2 |              8 |         4.00 |
|  targetClk_BUFG                | stack/mem[235][7]_i_1_n_0       |                      |                2 |              8 |         4.00 |
|  targetClk_BUFG                | stack/mem[212][7]_i_1_n_0       |                      |                3 |              8 |         2.67 |
|  targetClk_BUFG                | stack/mem[214][7]_i_1_n_0       |                      |                3 |              8 |         2.67 |
|  targetClk_BUFG                | stack/mem[205][7]_i_1_n_0       |                      |                4 |              8 |         2.00 |
|  targetClk_BUFG                | stack/mem[218][7]_i_1_n_0       |                      |                3 |              8 |         2.67 |
|  targetClk_BUFG                | stack/mem[210][7]_i_1_n_0       |                      |                4 |              8 |         2.00 |
|  targetClk_BUFG                | stack/mem[21][7]_i_1_n_0        |                      |                2 |              8 |         4.00 |
|  targetClk_BUFG                | stack/mem[230][7]_i_1_n_0       |                      |                3 |              8 |         2.67 |
|  targetClk_BUFG                | stack/mem[231][7]_i_1_n_0       |                      |                2 |              8 |         4.00 |
|  targetClk_BUFG                | stack/mem[233][7]_i_1_n_0       |                      |                3 |              8 |         2.67 |
|  targetClk_BUFG                | stack/mem[234][7]_i_1_n_0       |                      |                4 |              8 |         2.00 |
|  targetClk_BUFG                | stack/mem[27][7]_i_1_n_0        |                      |                3 |              8 |         2.67 |
|  targetClk_BUFG                | stack/mem[28][7]_i_1_n_0        |                      |                3 |              8 |         2.67 |
|  targetClk_BUFG                | stack/mem[41][7]_i_1_n_0        |                      |                4 |              8 |         2.00 |
|  targetClk_BUFG                | stack/mem[40][7]_i_1_n_0        |                      |                5 |              8 |         1.60 |
|  targetClk_BUFG                | stack/mem[49][7]_i_1_n_0        |                      |                2 |              8 |         4.00 |
|  targetClk_BUFG                | stack/mem[50][7]_i_1_n_0        |                      |                2 |              8 |         4.00 |
|  targetClk_BUFG                | stack/mem[29][7]_i_1_n_0        |                      |                4 |              8 |         2.00 |
|  targetClk_BUFG                | stack/mem[2][7]_i_1_n_0         |                      |                3 |              8 |         2.67 |
|  targetClk_BUFG                | stack/mem[56][7]_i_1_n_0        |                      |                7 |              8 |         1.14 |
|  targetClk_BUFG                | stack/mem[61][7]_i_1_n_0        |                      |                4 |              8 |         2.00 |
|  targetClk_BUFG                | stack/mem[36][7]_i_1_n_0        |                      |                3 |              8 |         2.67 |
|  targetClk_BUFG                | stack/mem[65][7]_i_1_n_0        |                      |                4 |              8 |         2.00 |
|  targetClk_BUFG                | stack/mem[55][7]_i_1_n_0        |                      |                4 |              8 |         2.00 |
|  targetClk_BUFG                | stack/mem[64][7]_i_1_n_0        |                      |                2 |              8 |         4.00 |
|  targetClk_BUFG                | stack/mem[69][7]_i_1_n_0        |                      |                4 |              8 |         2.00 |
|  targetClk_BUFG                | stack/mem[31][7]_i_1_n_0        |                      |                3 |              8 |         2.67 |
|  targetClk_BUFG                | stack/mem[59][7]_i_1_n_0        |                      |                4 |              8 |         2.00 |
|  targetClk_BUFG                | stack/mem[33][7]_i_1_n_0        |                      |                2 |              8 |         4.00 |
|  targetClk_BUFG                | stack/mem[35][7]_i_1_n_0        |                      |                1 |              8 |         8.00 |
|  targetClk_BUFG                | stack/mem[30][7]_i_1_n_0        |                      |                3 |              8 |         2.67 |
|  targetClk_BUFG                | stack/mem[48][7]_i_1_n_0        |                      |                2 |              8 |         4.00 |
|  targetClk_BUFG                | stack/mem[5][7]_i_1_n_0         |                      |                3 |              8 |         2.67 |
|  targetClk_BUFG                | stack/mem[62][7]_i_1_n_0        |                      |                3 |              8 |         2.67 |
|  targetClk_BUFG                | stack/mem[45][7]_i_1_n_0        |                      |                3 |              8 |         2.67 |
|  targetClk_BUFG                | stack/mem[108][7]_i_1_n_0       |                      |                2 |              8 |         4.00 |
|  targetClk_BUFG                | stack/mem[66][7]_i_1_n_0        |                      |                3 |              8 |         2.67 |
|  targetClk_BUFG                | stack/mem[70][7]_i_1_n_0        |                      |                2 |              8 |         4.00 |
|  targetClk_BUFG                | stack/mem[71][7]_i_1_n_0        |                      |                4 |              8 |         2.00 |
|  targetClk_BUFG                | stack/mem[58][7]_i_1_n_0        |                      |                7 |              8 |         1.14 |
|  targetClk_BUFG                | stack/mem[72][7]_i_1_n_0        |                      |                6 |              8 |         1.33 |
|  targetClk_BUFG                | stack/mem[42][7]_i_1_n_0        |                      |                4 |              8 |         2.00 |
|  targetClk_BUFG                | stack/mem[73][7]_i_1_n_0        |                      |                2 |              8 |         4.00 |
|  targetClk_BUFG                | stack/mem[63][7]_i_1_n_0        |                      |                3 |              8 |         2.67 |
|  targetClk_BUFG                | stack/mem[54][7]_i_1_n_0        |                      |                3 |              8 |         2.67 |
|  targetClk_BUFG                | stack/mem[60][7]_i_1_n_0        |                      |                6 |              8 |         1.33 |
|  targetClk_BUFG                | stack/mem[39][7]_i_1_n_0        |                      |                2 |              8 |         4.00 |
|  targetClk_BUFG                | stack/mem[51][7]_i_1_n_0        |                      |                2 |              8 |         4.00 |
|  targetClk_BUFG                | stack/mem[47][7]_i_1_n_0        |                      |                4 |              8 |         2.00 |
|  targetClk_BUFG                | stack/mem[57][7]_i_1_n_0        |                      |                2 |              8 |         4.00 |
|  targetClk_BUFG                | stack/mem[67][7]_i_1_n_0        |                      |                3 |              8 |         2.67 |
|  targetClk_BUFG                | stack/mem[74][7]_i_1_n_0        |                      |                3 |              8 |         2.67 |
|  targetClk_BUFG                | stack/mem[44][7]_i_1_n_0        |                      |                3 |              8 |         2.67 |
|  targetClk_BUFG                | stack/mem[32][7]_i_1_n_0        |                      |                5 |              8 |         1.60 |
|  targetClk_BUFG                | stack/mem[34][7]_i_1_n_0        |                      |                2 |              8 |         4.00 |
|  targetClk_BUFG                | stack/mem[43][7]_i_1_n_0        |                      |                6 |              8 |         1.33 |
|  targetClk_BUFG                | stack/mem[46][7]_i_1_n_0        |                      |                6 |              8 |         1.33 |
|  targetClk_BUFG                | stack/mem[37][7]_i_1_n_0        |                      |                5 |              8 |         1.60 |
|  targetClk_BUFG                | stack/mem[4][7]_i_1_n_0         |                      |                4 |              8 |         2.00 |
|  targetClk_BUFG                | stack/mem[52][7]_i_1_n_0        |                      |                1 |              8 |         8.00 |
|  targetClk_BUFG                | stack/mem[53][7]_i_1_n_0        |                      |                2 |              8 |         4.00 |
|  targetClk_BUFG                | stack/mem[68][7]_i_1_n_0        |                      |                4 |              8 |         2.00 |
|  targetClk_BUFG                | stack/mem[38][7]_i_1_n_0        |                      |                2 |              8 |         4.00 |
|  targetClk_BUFG                | stack/mem[99][7]_i_1_n_0        |                      |                2 |              8 |         4.00 |
|  targetClk_BUFG                | stack/mem[89][7]_i_1_n_0        |                      |                3 |              8 |         2.67 |
|  targetClk_BUFG                | stack/mem[9][7]_i_1_n_0         |                      |                6 |              8 |         1.33 |
|  targetClk_BUFG                | stack/mem[97][7]_i_1_n_0        |                      |                5 |              8 |         1.60 |
|  targetClk_BUFG                | stack/mem[80][7]_i_1_n_0        |                      |                3 |              8 |         2.67 |
|  targetClk_BUFG                | stack/mem[85][7]_i_1_n_0        |                      |                3 |              8 |         2.67 |
|  targetClk_BUFG                | stack/mem[90][7]_i_1_n_0        |                      |                4 |              8 |         2.00 |
|  targetClk_BUFG                | stack/mem[75][7]_i_1_n_0        |                      |                4 |              8 |         2.00 |
|  targetClk_BUFG                | stack/mem[79][7]_i_1_n_0        |                      |                3 |              8 |         2.67 |
|  targetClk_BUFG                | stack/mem[81][7]_i_1_n_0        |                      |                2 |              8 |         4.00 |
|  targetClk_BUFG                | stack/mem[96][7]_i_1_n_0        |                      |                5 |              8 |         1.60 |
|  targetClk_BUFG                | stack/mem[84][7]_i_1_n_0        |                      |                2 |              8 |         4.00 |
|  targetClk_BUFG                | stack/mem[77][7]_i_1_n_0        |                      |                8 |              8 |         1.00 |
|  targetClk_BUFG                | stack/mem[98][7]_i_1_n_0        |                      |                6 |              8 |         1.33 |
|  targetClk_BUFG                | stack/mem[92][7]_i_1_n_0        |                      |                2 |              8 |         4.00 |
|  targetClk_BUFG                | stack/mem[11][7]_i_1_n_0        |                      |                3 |              8 |         2.67 |
|  targetClk_BUFG                | stack/mem[8][7]_i_1_n_0         |                      |                3 |              8 |         2.67 |
|  targetClk_BUFG                | stack/mem[91][7]_i_1_n_0        |                      |                3 |              8 |         2.67 |
|  targetClk_BUFG                | stack/mem[88][7]_i_1_n_0        |                      |                2 |              8 |         4.00 |
|  targetClk_BUFG                | stack/mem[76][7]_i_1_n_0        |                      |                3 |              8 |         2.67 |
|  targetClk_BUFG                | stack/mem[93][7]_i_1_n_0        |                      |                7 |              8 |         1.14 |
|  targetClk_BUFG                | stack/mem[7][7]_i_1_n_0         |                      |                7 |              8 |         1.14 |
|  targetClk_BUFG                | stack/mem[83][7]_i_1_n_0        |                      |                3 |              8 |         2.67 |
|  targetClk_BUFG                | stack/mem[95][7]_i_1_n_0        |                      |                2 |              8 |         4.00 |
|  targetClk_BUFG                | stack/mem[78][7]_i_1_n_0        |                      |                4 |              8 |         2.00 |
|  targetClk_BUFG                | stack/mem[86][7]_i_1_n_0        |                      |                6 |              8 |         1.33 |
|  targetClk_BUFG                | stack/mem[94][7]_i_1_n_0        |                      |                8 |              8 |         1.00 |
|  targetClk_BUFG                | stack/mem[87][7]_i_1_n_0        |                      |                4 |              8 |         2.00 |
|  targetClk_BUFG                | stack/d_reg                     |                      |                4 |              8 |         2.00 |
|  targetClk_BUFG                |                                 |                      |               17 |             27 |         1.59 |
|  targetClk_BUFG                |                                 | nolabel_line58/reset |                9 |             28 |         3.11 |
+--------------------------------+---------------------------------+----------------------+------------------+----------------+--------------+


